Archive member included to satisfy reference by file (symbol)

project/libproject.a(compass.c.obj)
                              CMakeFiles/main.dir/main.c.obj (run_program)
project/libproject.a(hmc5883l.c.obj)
                              project/libproject.a(compass.c.obj) (hmc_init)
project/libproject.a(htu21.c.obj)
                              project/libproject.a(compass.c.obj) (htu21_read_temp)
lib/LCD/libLCD.a(LCD_1in28.c.obj)
                              project/libproject.a(compass.c.obj) (LCD_1IN28_Init)
lib/GUI/libGUI.a(GUI_Paint.c.obj)
                              project/libproject.a(compass.c.obj) (Paint_NewImage)
lib/Fonts/libFonts.a(font16.c.obj)
                              project/libproject.a(compass.c.obj) (Font16)
lib/Fonts/libFonts.a(font24.c.obj)
                              project/libproject.a(compass.c.obj) (Font24)
lib/Config/libConfig.a(DEV_Config.c.obj)
                              lib/LCD/libLCD.a(LCD_1in28.c.obj) (DEV_Digital_Write)
c:/progra~2/gnuarm~1/102021~1.10/bin/../lib/gcc/arm-none-eabi/10.3.1/thumb/v6-m/nofp\libgcc.a(_dvmd_tls.o)
                              CMakeFiles/main.dir/C_/Pico/pico-sdk/src/rp2_common/pico_divider/divider.S.obj (__aeabi_idiv0)
c:/progra~2/gnuarm~1/102021~1.10/bin/../lib/gcc/arm-none-eabi/10.3.1/../../../../arm-none-eabi/lib/thumb/v6-m/nofp\libg.a(lib_a-calloc.o)
                              CMakeFiles/main.dir/C_/Pico/pico-sdk/src/rp2_common/pico_malloc/pico_malloc.c.obj (calloc)
c:/progra~2/gnuarm~1/102021~1.10/bin/../lib/gcc/arm-none-eabi/10.3.1/../../../../arm-none-eabi/lib/thumb/v6-m/nofp\libg.a(lib_a-callocr.o)
                              c:/progra~2/gnuarm~1/102021~1.10/bin/../lib/gcc/arm-none-eabi/10.3.1/../../../../arm-none-eabi/lib/thumb/v6-m/nofp\libg.a(lib_a-calloc.o) (_calloc_r)
c:/progra~2/gnuarm~1/102021~1.10/bin/../lib/gcc/arm-none-eabi/10.3.1/../../../../arm-none-eabi/lib/thumb/v6-m/nofp\libg.a(lib_a-errno.o)
                              c:/progra~2/gnuarm~1/102021~1.10/bin/../lib/gcc/arm-none-eabi/10.3.1/../../../../arm-none-eabi/lib/thumb/v6-m/nofp\libg.a(lib_a-callocr.o) (__errno)
c:/progra~2/gnuarm~1/102021~1.10/bin/../lib/gcc/arm-none-eabi/10.3.1/../../../../arm-none-eabi/lib/thumb/v6-m/nofp\libg.a(lib_a-impure.o)
                              c:/progra~2/gnuarm~1/102021~1.10/bin/../lib/gcc/arm-none-eabi/10.3.1/../../../../arm-none-eabi/lib/thumb/v6-m/nofp\libg.a(lib_a-calloc.o) (_impure_ptr)
c:/progra~2/gnuarm~1/102021~1.10/bin/../lib/gcc/arm-none-eabi/10.3.1/../../../../arm-none-eabi/lib/thumb/v6-m/nofp\libg.a(lib_a-init.o)
                              c:/progra~2/gnuarm~1/102021~1.10/bin/../lib/gcc/arm-none-eabi/10.3.1/../../../../arm-none-eabi/lib/thumb/v6-m/nofp/crt0.o (__libc_init_array)
c:/progra~2/gnuarm~1/102021~1.10/bin/../lib/gcc/arm-none-eabi/10.3.1/../../../../arm-none-eabi/lib/thumb/v6-m/nofp\libg.a(lib_a-malloc.o)
                              CMakeFiles/main.dir/C_/Pico/pico-sdk/src/rp2_common/pico_malloc/pico_malloc.c.obj (malloc)
c:/progra~2/gnuarm~1/102021~1.10/bin/../lib/gcc/arm-none-eabi/10.3.1/../../../../arm-none-eabi/lib/thumb/v6-m/nofp\libg.a(lib_a-mallocr.o)
                              c:/progra~2/gnuarm~1/102021~1.10/bin/../lib/gcc/arm-none-eabi/10.3.1/../../../../arm-none-eabi/lib/thumb/v6-m/nofp\libg.a(lib_a-callocr.o) (_malloc_r)
c:/progra~2/gnuarm~1/102021~1.10/bin/../lib/gcc/arm-none-eabi/10.3.1/../../../../arm-none-eabi/lib/thumb/v6-m/nofp\libg.a(lib_a-mlock.o)
                              c:/progra~2/gnuarm~1/102021~1.10/bin/../lib/gcc/arm-none-eabi/10.3.1/../../../../arm-none-eabi/lib/thumb/v6-m/nofp\libg.a(lib_a-mallocr.o) (__malloc_lock)
c:/progra~2/gnuarm~1/102021~1.10/bin/../lib/gcc/arm-none-eabi/10.3.1/../../../../arm-none-eabi/lib/thumb/v6-m/nofp\libg.a(lib_a-realloc.o)
                              CMakeFiles/main.dir/C_/Pico/pico-sdk/src/rp2_common/pico_malloc/pico_malloc.c.obj (realloc)
c:/progra~2/gnuarm~1/102021~1.10/bin/../lib/gcc/arm-none-eabi/10.3.1/../../../../arm-none-eabi/lib/thumb/v6-m/nofp\libg.a(lib_a-reallocr.o)
                              c:/progra~2/gnuarm~1/102021~1.10/bin/../lib/gcc/arm-none-eabi/10.3.1/../../../../arm-none-eabi/lib/thumb/v6-m/nofp\libg.a(lib_a-realloc.o) (_realloc_r)
c:/progra~2/gnuarm~1/102021~1.10/bin/../lib/gcc/arm-none-eabi/10.3.1/../../../../arm-none-eabi/lib/thumb/v6-m/nofp\libg.a(lib_a-sbrkr.o)
                              c:/progra~2/gnuarm~1/102021~1.10/bin/../lib/gcc/arm-none-eabi/10.3.1/../../../../arm-none-eabi/lib/thumb/v6-m/nofp\libg.a(lib_a-mallocr.o) (_sbrk_r)
c:/progra~2/gnuarm~1/102021~1.10/bin/../lib/gcc/arm-none-eabi/10.3.1/../../../../arm-none-eabi/lib/thumb/v6-m/nofp\libg.a(lib_a-strlen-stub.o)
                              CMakeFiles/main.dir/C_/Pico/pico-sdk/src/rp2_common/pico_stdio/stdio.c.obj (strlen)
c:/progra~2/gnuarm~1/102021~1.10/bin/../lib/gcc/arm-none-eabi/10.3.1/../../../../arm-none-eabi/lib/thumb/v6-m/nofp\libg.a(lib_a-freer.o)
[...]
Memory Configuration

Name             Origin             Length             Attributes
FLASH            0x10000000         0x00200000         xr
RAM              0x20000000         0x00040000         xrw
SCRATCH_X        0x20040000         0x00001000         xrw
SCRATCH_Y        0x20041000         0x00001000         xrw
*default*        0x00000000         0xffffffff

Linker script and memory map

LOAD c:/progra~2/gnuarm~1/102021~1.10/bin/../lib/gcc/arm-none-eabi/10.3.1/thumb/v6-m/nofp/crti.o
LOAD c:/progra~2/gnuarm~1/102021~1.10/bin/../lib/gcc/arm-none-eabi/10.3.1/thumb/v6-m/nofp/crtbegin.o
LOAD c:/progra~2/gnuarm~1/102021~1.10/bin/../lib/gcc/arm-none-eabi/10.3.1/../../../../arm-none-eabi/lib/thumb/v6-m/nofp/crt0.o

.flash_begin    0x10000000        0x0
                0x10000000                __flash_binary_start = .

.boot2          0x10000000      0x100
                0x10000000                __boot2_start__ = .
 *(.boot2)
 .boot2         0x10000000      0x100 C:\Users\Milosz\AppData\Local\Temp\cca4ZVpM.o
                0x10000100                __boot2_end__ = .
                0x00000001                ASSERT (((__boot2_end__ - __boot2_start__) == 0x100), ERROR: Pico second stage bootloader must be 256 bytes in size)

.text           0x10000100     0xa4c8
                0x10000100                __logical_binary_start = .
 *(.vectors)
 .vectors       0x10000100       0xd4 CMakeFiles/main.dir/C_/Pico/pico-sdk/src/rp2_common/pico_standard_link/crt0.S.obj
                0x10000100                __VECTOR_TABLE
                0x10000100                __vectors
                0x100001c0                isr_invalid
                0x100001c0                __default_isrs_start
                0x100001c2                isr_nmi
                0x100001c4                isr_hardfault
                0x100001c6                isr_svcall
                0x100001c8                isr_pendsv
                0x100001ca                isr_systick
                0x100001cc                isr_irq23
                0x100001cc                isr_irq18
                0x100001cc                isr_irq11
                0x100001cc                isr_irq28
                0x100001cc                isr_irq19
                0x100001cc                isr_irq0
                0x100001cc                isr_irq6
                0x100001cc                isr_irq5
                0x100001cc                isr_irq12
                0x100001cc                isr_irq22
                0x100001cc                isr_irq31
                0x100001cc                isr_irq17
                0x100001cc                isr_irq27
                0x100001cc                isr_irq30
                0x100001cc                isr_irq2
                0x100001cc                isr_irq10
                0x100001cc                isr_irq8
                0x100001cc                isr_irq24
                0x100001cc                isr_irq1
                0x100001cc                isr_irq7
                0x100001cc                isr_irq21
                0x100001cc                isr_irq20
                0x100001cc                isr_irq15
                0x100001cc                isr_irq25
                0x100001cc                isr_irq13
                0x100001cc                __unhandled_user_irq
                0x100001cc                isr_irq4
                0x100001cc                isr_irq16
                0x100001cc                isr_irq29
                0x100001cc                isr_irq26
                0x100001cc                __default_isrs_end
                0x100001cc                isr_irq3
                0x100001cc                isr_irq14
                0x100001cc                isr_irq9
                0x100001d2                unhandled_user_irq_num_in_r0
 *(.binary_info_header)
 .binary_info_header
                0x100001d4       0x14 CMakeFiles/main.dir/C_/Pico/pico-sdk/src/rp2_common/pico_standard_link/crt0.S.obj
                0x100001e8                __binary_info_header_end = .
 *(.reset)
 .reset         0x100001e8       0xa0 CMakeFiles/main.dir/C_/Pico/pico-sdk/src/rp2_common/pico_standard_link/crt0.S.obj
                0x100001e8                _entry_point
 .reset         0x10000288       0x30 CMakeFiles/main.dir/C_/Pico/pico-sdk/src/rp2_common/pico_standard_link/binary_info.c.obj
 *(.init)
 .init          0x100002b8        0x4 c:/progra~2/gnuarm~1/102021~1.10/bin/../lib/gcc/arm-none-eabi/10.3.1/thumb/v6-m/nofp/crti.o
                0x100002b8                _init
 *(EXCLUDE_FILE(*libm.a: *libc.a:*lib_a-mem*.o *libgcc.a:) .text*)
 .text          0x100002bc       0x48 c:/progra~2/gnuarm~1/102021~1.10/bin/../lib/gcc/arm-none-eabi/10.3.1/thumb/v6-m/nofp/crtbegin.o
 .text.main     0x10000304        0xa CMakeFiles/main.dir/main.c.obj
                0x10000304                main
 *fill*         0x1000030e        0x2 
 .text.gpio_set_function
                0x10000310       0x30 CMakeFiles/main.dir/C_/Pico/pico-sdk/src/rp2_common/hardware_gpio/gpio.c.obj
                0x10000310                gpio_set_function
 .text.gpio_set_pulls
                0x10000340       0x34 CMakeFiles/main.dir/C_/Pico/pico-sdk/src/rp2_common/hardware_gpio/gpio.c.obj
                0x10000340                gpio_set_pulls
 .text.gpio_set_irq_callback
                0x10000374       0x48 CMakeFiles/main.dir/C_/Pico/pico-sdk/src/rp2_common/hardware_gpio/gpio.c.obj
                0x10000374                gpio_set_irq_callback
 .text.gpio_acknowledge_irq
                0x100003bc       0x18 CMakeFiles/main.dir/C_/Pico/pico-sdk/src/rp2_common/hardware_gpio/gpio.c.obj
                0x100003bc                gpio_acknowledge_irq
 .text._gpio_set_irq_enabled
                0x100003d4       0x34 CMakeFiles/main.dir/C_/Pico/pico-sdk/src/rp2_common/hardware_gpio/gpio.c.obj
 .text.gpio_set_irq_enabled
                0x10000408       0x20 CMakeFiles/main.dir/C_/Pico/pico-sdk/src/rp2_common/hardware_gpio/gpio.c.obj
                0x10000408                gpio_set_irq_enabled
 .text.gpio_set_irq_enabled_with_callback
                0x10000428       0x20 CMakeFiles/main.dir/C_/Pico/pico-sdk/src/rp2_common/hardware_gpio/gpio.c.obj
                0x10000428                gpio_set_irq_enabled_with_callback
 .text.gpio_default_irq_handler
                0x10000448       0x98 CMakeFiles/main.dir/C_/Pico/pico-sdk/src/rp2_common/hardware_gpio/gpio.c.obj
 .text.gpio_set_input_enabled
                0x100004e0       0x30 CMakeFiles/main.dir/C_/Pico/pico-sdk/src/rp2_common/hardware_gpio/gpio.c.obj
                0x100004e0                gpio_set_input_enabled
 .text.gpio_init
                0x10000510       0x16 CMakeFiles/main.dir/C_/Pico/pico-sdk/src/rp2_common/hardware_gpio/gpio.c.obj
                0x10000510                gpio_init
 *fill*         0x10000526        0x2 
 .text.running_on_fpga
                0x10000528       0x14 CMakeFiles/main.dir/C_/Pico/pico-sdk/src/rp2_common/pico_platform/platform.c.obj
                0x10000528                running_on_fpga
 .text.hw_claim_lock
                0x1000053c       0x18 CMakeFiles/main.dir/C_/Pico/pico-sdk/src/rp2_common/hardware_claim/claim.c.obj
                0x1000053c                hw_claim_lock
 .text.hw_claim_unlock
                0x10000554       0x14 CMakeFiles/main.dir/C_/Pico/pico-sdk/src/rp2_common/hardware_claim/claim.c.obj
                0x10000554                hw_claim_unlock
 .text.hw_claim_or_assert
                0x10000568       0x32 CMakeFiles/main.dir/C_/Pico/pico-sdk/src/rp2_common/hardware_claim/claim.c.obj
                0x10000568                hw_claim_or_assert
 .text.hw_claim_unused_from_range
                0x1000059a       0x50 CMakeFiles/main.dir/C_/Pico/pico-sdk/src/rp2_common/hardware_claim/claim.c.obj
                0x1000059a                hw_claim_unused_from_range
 *fill*         0x100005ea        0x2 
 .text.spin_locks_reset
                0x100005ec       0x20 CMakeFiles/main.dir/C_/Pico/pico-sdk/src/rp2_common/hardware_sync/sync.c.obj
                0x100005ec                spin_locks_reset
 .text.next_striped_spin_lock_num
                0x1000060c       0x1c CMakeFiles/main.dir/C_/Pico/pico-sdk/src/rp2_common/hardware_sync/sync.c.obj
                0x1000060c                next_striped_spin_lock_num
 .text.spin_lock_claim_unused
                0x10000628       0x20 CMakeFiles/main.dir/C_/Pico/pico-sdk/src/rp2_common/hardware_sync/sync.c.obj
                0x10000628                spin_lock_claim_unused
 .text.set_raw_irq_handler_and_unlock
                0x10000648       0x28 CMakeFiles/main.dir/C_/Pico/pico-sdk/src/rp2_common/hardware_irq/irq.c.obj
 .text.make_branch
                0x10000670       0x48 CMakeFiles/main.dir/C_/Pico/pico-sdk/src/rp2_common/hardware_irq/irq.c.obj
 .text.insert_branch_and_link
                0x100006b8       0x40 CMakeFiles/main.dir/C_/Pico/pico-sdk/src/rp2_common/hardware_irq/irq.c.obj
 .text.irq_is_enabled
                0x100006f8       0x18 CMakeFiles/main.dir/C_/Pico/pico-sdk/src/rp2_common/hardware_irq/irq.c.obj
                0x100006f8                irq_is_enabled
 .text.irq_set_mask_enabled
                0x10000710       0x20 CMakeFiles/main.dir/C_/Pico/pico-sdk/src/rp2_common/hardware_irq/irq.c.obj
                0x10000710                irq_set_mask_enabled
 .text.irq_set_enabled
                0x10000730        0xe CMakeFiles/main.dir/C_/Pico/pico-sdk/src/rp2_common/hardware_irq/irq.c.obj
                0x10000730                irq_set_enabled
 *fill*         0x1000073e        0x2 
 .text.irq_set_pending
                0x10000740       0x10 CMakeFiles/main.dir/C_/Pico/pico-sdk/src/rp2_common/hardware_irq/irq.c.obj
                0x10000740                irq_set_pending
 .text.irq_get_vtable_handler
                0x10000750       0x10 CMakeFiles/main.dir/C_/Pico/pico-sdk/src/rp2_common/hardware_irq/irq.c.obj
                0x10000750                irq_get_vtable_handler
 .text.irq_has_shared_handler
                0x10000760       0x24 CMakeFiles/main.dir/C_/Pico/pico-sdk/src/rp2_common/hardware_irq/irq.c.obj
                0x10000760                irq_has_shared_handler
 .text.irq_set_exclusive_handler
                0x10000784       0x54 CMakeFiles/main.dir/C_/Pico/pico-sdk/src/rp2_common/hardware_irq/irq.c.obj
                0x10000784                irq_set_exclusive_handler
 .text.irq_add_shared_handler
                0x100007d8      0x234 CMakeFiles/main.dir/C_/Pico/pico-sdk/src/rp2_common/hardware_irq/irq.c.obj
                0x100007d8                irq_add_shared_handler
 .text.irq_remove_handler
                0x10000a0c      0x1ac CMakeFiles/main.dir/C_/Pico/pico-sdk/src/rp2_common/hardware_irq/irq.c.obj
                0x10000a0c                irq_remove_handler
 .text.irq_add_tail_to_free_list
                0x10000bb8       0xf0 CMakeFiles/main.dir/C_/Pico/pico-sdk/src/rp2_common/hardware_irq/irq.c.obj
                0x10000bb8                irq_add_tail_to_free_list
 .text.irq_init_priorities
                0x10000ca8       0x1c CMakeFiles/main.dir/C_/Pico/pico-sdk/src/rp2_common/hardware_irq/irq.c.obj
                0x10000ca8                irq_init_priorities
 .text.user_irq_claim_unused
                0x10000cc4       0x28 CMakeFiles/main.dir/C_/Pico/pico-sdk/src/rp2_common/hardware_irq/irq.c.obj
                0x10000cc4                user_irq_claim_unused
 .text.lock_init
                0x10000cec       0x10 CMakeFiles/main.dir/C_/Pico/pico-sdk/src/common/pico_sync/lock_core.c.obj
                0x10000cec                lock_init
 .text.mutex_init
                0x10000cfc       0x1a CMakeFiles/main.dir/C_/Pico/pico-sdk/src/common/pico_sync/mutex.c.obj
                0x10000cfc                mutex_init
 .text.recursive_mutex_init
                0x10000d16       0x1e CMakeFiles/main.dir/C_/Pico/pico-sdk/src/common/pico_sync/mutex.c.obj
                0x10000d16                recursive_mutex_init
 .text.critical_section_init_with_lock_num
                0x10000d34       0x14 CMakeFiles/main.dir/C_/Pico/pico-sdk/src/common/pico_sync/critical_section.c.obj
                0x10000d34                critical_section_init_with_lock_num
 .text.critical_section_init
                0x10000d48       0x14 CMakeFiles/main.dir/C_/Pico/pico-sdk/src/common/pico_sync/critical_section.c.obj
                0x10000d48                critical_section_init
 .text.alarm_pool_post_alloc_init
                0x10000d5c       0x40 CMakeFiles/main.dir/C_/Pico/pico-sdk/src/common/pico_time/time.c.obj
 .text.sleep_until_callback
                0x10000d9c       0x30 CMakeFiles/main.dir/C_/Pico/pico-sdk/src/common/pico_time/time.c.obj
 .text.timer_pool_entry_comparator
                0x10000dcc       0x7c CMakeFiles/main.dir/C_/Pico/pico-sdk/src/common/pico_time/time.c.obj
                0x10000dcc                timer_pool_entry_comparator
 .text.ph_add_child_node
                0x10000e48       0xa4 CMakeFiles/main.dir/C_/Pico/pico-sdk/src/common/pico_time/time.c.obj
 .text.ph_merge_nodes
                0x10000eec       0x3e CMakeFiles/main.dir/C_/Pico/pico-sdk/src/common/pico_time/time.c.obj
 *fill*         0x10000f2a        0x2 
 .text.add_alarm_under_lock
                0x10000f2c      0x174 CMakeFiles/main.dir/C_/Pico/pico-sdk/src/common/pico_time/time.c.obj
 .text.alarm_pool_alarm_callback
                0x100010a0      0x33c CMakeFiles/main.dir/C_/Pico/pico-sdk/src/common/pico_time/time.c.obj
 .text.alarm_pool_init_default
                0x100013dc       0x40 CMakeFiles/main.dir/C_/Pico/pico-sdk/src/common/pico_time/time.c.obj
                0x100013dc                alarm_pool_init_default
 .text.alarm_pool_get_default
                0x1000141c       0x2c CMakeFiles/main.dir/C_/Pico/pico-sdk/src/common/pico_time/time.c.obj
                0x1000141c                alarm_pool_get_default
 .text.alarm_pool_add_alarm_at
                0x10001448      0x168 CMakeFiles/main.dir/C_/Pico/pico-sdk/src/common/pico_time/time.c.obj
                0x10001448                alarm_pool_add_alarm_at
 .text.alarm_pool_cancel_alarm
                0x100015b0       0xf8 CMakeFiles/main.dir/C_/Pico/pico-sdk/src/common/pico_time/time.c.obj
                0x100015b0                alarm_pool_cancel_alarm
 .text.alarm_pool_core_num
                0x100016a8        0x4 CMakeFiles/main.dir/C_/Pico/pico-sdk/src/common/pico_time/time.c.obj
                0x100016a8                alarm_pool_core_num
 .text.sleep_until
                0x100016ac       0xfc CMakeFiles/main.dir/C_/Pico/pico-sdk/src/common/pico_time/time.c.obj
                0x100016ac                sleep_until
 .text.sleep_us
                0x100017a8       0x58 CMakeFiles/main.dir/C_/Pico/pico-sdk/src/common/pico_time/time.c.obj
                0x100017a8                sleep_us
 .text.sleep_ms
                0x10001800       0x14 CMakeFiles/main.dir/C_/Pico/pico-sdk/src/common/pico_time/time.c.obj
                0x10001800                sleep_ms
 .text.best_effort_wfe_or_timeout
                0x10001814       0xac CMakeFiles/main.dir/C_/Pico/pico-sdk/src/common/pico_time/time.c.obj
                0x10001814                best_effort_wfe_or_timeout
 .text.hardware_alarm_irq_handler
                0x100018c0       0x90 CMakeFiles/main.dir/C_/Pico/pico-sdk/src/rp2_common/hardware_timer/timer.c.obj
 .text.hardware_alarm_claim
                0x10001950       0x18 CMakeFiles/main.dir/C_/Pico/pico-sdk/src/rp2_common/hardware_timer/timer.c.obj
                0x10001950                hardware_alarm_claim
 .text.time_us_64
                0x10001968       0x18 CMakeFiles/main.dir/C_/Pico/pico-sdk/src/rp2_common/hardware_timer/timer.c.obj
                0x10001968                time_us_64
 .text.busy_wait_until
                0x10001980       0x28 CMakeFiles/main.dir/C_/Pico/pico-sdk/src/rp2_common/hardware_timer/timer.c.obj
                0x10001980                busy_wait_until
 .text.busy_wait_us
                0x100019a8       0x48 CMakeFiles/main.dir/C_/Pico/pico-sdk/src/rp2_common/hardware_timer/timer.c.obj
                0x100019a8                busy_wait_us
 .text.hardware_alarm_set_callback
                0x100019f0       0x90 CMakeFiles/main.dir/C_/Pico/pico-sdk/src/rp2_common/hardware_timer/timer.c.obj
                0x100019f0                hardware_alarm_set_callback
 .text.hardware_alarm_set_target
                0x10001a80       0xe8 CMakeFiles/main.dir/C_/Pico/pico-sdk/src/rp2_common/hardware_timer/timer.c.obj
                0x10001a80                hardware_alarm_set_target
 .text.hardware_alarm_cancel
                0x10001b68       0x40 CMakeFiles/main.dir/C_/Pico/pico-sdk/src/rp2_common/hardware_timer/timer.c.obj
                0x10001b68                hardware_alarm_cancel
 .text.ph_add_child_node
                0x10001ba8       0xa4 CMakeFiles/main.dir/C_/Pico/pico-sdk/src/common/pico_util/pheap.c.obj
 .text.ph_merge_nodes
                0x10001c4c       0x3e CMakeFiles/main.dir/C_/Pico/pico-sdk/src/common/pico_util/pheap.c.obj
 *fill*         0x10001c8a        0x2 
 .text.ph_clear
                0x10001c8c       0x70 CMakeFiles/main.dir/C_/Pico/pico-sdk/src/common/pico_util/pheap.c.obj
                0x10001c8c                ph_clear
 .text.ph_post_alloc_init
                0x10001cfc        0xe CMakeFiles/main.dir/C_/Pico/pico-sdk/src/common/pico_util/pheap.c.obj
                0x10001cfc                ph_post_alloc_init
 *fill*         0x10001d0a        0x2 
 .text.ph_merge_two_pass
                0x10001d0c       0xa8 CMakeFiles/main.dir/C_/Pico/pico-sdk/src/common/pico_util/pheap.c.obj
                0x10001d0c                ph_merge_two_pass
 .text.ph_remove_any_head
                0x10001db4      0x128 CMakeFiles/main.dir/C_/Pico/pico-sdk/src/common/pico_util/pheap.c.obj
 .text.ph_remove_head
                0x10001edc       0x14 CMakeFiles/main.dir/C_/Pico/pico-sdk/src/common/pico_util/pheap.c.obj
                0x10001edc                ph_remove_head
 .text.ph_remove_and_free_node
                0x10001ef0       0xf8 CMakeFiles/main.dir/C_/Pico/pico-sdk/src/common/pico_util/pheap.c.obj
                0x10001ef0                ph_remove_and_free_node
 .text.uart_disable_before_lcr_write
                0x10001fe8       0x48 CMakeFiles/main.dir/C_/Pico/pico-sdk/src/rp2_common/hardware_uart/uart.c.obj
 .text.uart_write_lcr_bits_masked
                0x10002030       0x22 CMakeFiles/main.dir/C_/Pico/pico-sdk/src/rp2_common/hardware_uart/uart.c.obj
 *fill*         0x10002052        0x2 
 .text.uart_set_baudrate
                0x10002054       0x5c CMakeFiles/main.dir/C_/Pico/pico-sdk/src/rp2_common/hardware_uart/uart.c.obj
                0x10002054                uart_set_baudrate
 .text.uart_set_format
                0x100020b0       0x2c CMakeFiles/main.dir/C_/Pico/pico-sdk/src/rp2_common/hardware_uart/uart.c.obj
                0x100020b0                uart_set_format
 .text.uart_set_translate_crlf
                0x100020dc       0x28 CMakeFiles/main.dir/C_/Pico/pico-sdk/src/rp2_common/hardware_uart/uart.c.obj
                0x100020dc                uart_set_translate_crlf
 .text.uart_init
                0x10002104       0x80 CMakeFiles/main.dir/C_/Pico/pico-sdk/src/rp2_common/hardware_uart/uart.c.obj
                0x10002104                uart_init
 .text.clock_configure
                0x10002184      0x108 CMakeFiles/main.dir/C_/Pico/pico-sdk/src/rp2_common/hardware_clocks/clocks.c.obj
                0x10002184                clock_configure
 .text.clocks_init
                0x1000228c      0x100 CMakeFiles/main.dir/C_/Pico/pico-sdk/src/rp2_common/hardware_clocks/clocks.c.obj
                0x1000228c                clocks_init
 .text.clock_get_hz
                0x1000238c        0xc CMakeFiles/main.dir/C_/Pico/pico-sdk/src/rp2_common/hardware_clocks/clocks.c.obj
                0x1000238c                clock_get_hz
 .text.pll_init
                0x10002398      0x120 CMakeFiles/main.dir/C_/Pico/pico-sdk/src/rp2_common/hardware_pll/pll.c.obj
                0x10002398                pll_init
 .text.watchdog_start_tick
                0x100024b8       0x10 CMakeFiles/main.dir/C_/Pico/pico-sdk/src/rp2_common/hardware_watchdog/watchdog.c.obj
                0x100024b8                watchdog_start_tick
 .text.watchdog_update
                0x100024c8       0x14 CMakeFiles/main.dir/C_/Pico/pico-sdk/src/rp2_common/hardware_watchdog/watchdog.c.obj
                0x100024c8                watchdog_update
 .text._watchdog_enable
                0x100024dc       0x78 CMakeFiles/main.dir/C_/Pico/pico-sdk/src/rp2_common/hardware_watchdog/watchdog.c.obj
                0x100024dc                _watchdog_enable
 .text.watchdog_reboot
                0x10002554       0x48 CMakeFiles/main.dir/C_/Pico/pico-sdk/src/rp2_common/hardware_watchdog/watchdog.c.obj
                0x10002554                watchdog_reboot
 .text.xosc_init
                0x1000259c       0x28 CMakeFiles/main.dir/C_/Pico/pico-sdk/src/rp2_common/hardware_xosc/xosc.c.obj
                0x1000259c                xosc_init
 .text._exit    0x100025c4        0x4 CMakeFiles/main.dir/C_/Pico/pico-sdk/src/rp2_common/pico_runtime/runtime.c.obj
                0x100025c4                _exit
 .text._sbrk    0x100025c8       0x38 CMakeFiles/main.dir/C_/Pico/pico-sdk/src/rp2_common/pico_runtime/runtime.c.obj
                0x100025c8                _sbrk
 .text.exit     0x10002600        0x6 CMakeFiles/main.dir/C_/Pico/pico-sdk/src/rp2_common/pico_runtime/runtime.c.obj
                0x10002600                exit
 *fill*         0x10002606        0x2 
 .text.__assert_func
                0x10002608       0x3c CMakeFiles/main.dir/C_/Pico/pico-sdk/src/rp2_common/pico_runtime/runtime.c.obj
                0x10002608                __assert_func
 .text.runtime_init
                0x10002644       0xf8 CMakeFiles/main.dir/C_/Pico/pico-sdk/src/rp2_common/pico_runtime/runtime.c.obj
                0x10002644                runtime_init
 .text.panic    0x1000273c       0x30 CMakeFiles/main.dir/C_/Pico/pico-sdk/src/rp2_common/pico_runtime/runtime.c.obj
                0x1000273c                panic
 .text._out_buffer
                0x1000276c        0x8 CMakeFiles/main.dir/C_/Pico/pico-sdk/src/rp2_common/pico_printf/printf.c.obj
 .text._out_null
                0x10002774        0x2 CMakeFiles/main.dir/C_/Pico/pico-sdk/src/rp2_common/pico_printf/printf.c.obj
 .text._out_fct
                0x10002776        0xe CMakeFiles/main.dir/C_/Pico/pico-sdk/src/rp2_common/pico_printf/printf.c.obj
 .text._atoi    0x10002784       0x24 CMakeFiles/main.dir/C_/Pico/pico-sdk/src/rp2_common/pico_printf/printf.c.obj
 .text._out_rev
                0x100027a8       0xae CMakeFiles/main.dir/C_/Pico/pico-sdk/src/rp2_common/pico_printf/printf.c.obj
 .text._ntoa_format
                0x10002856      0x112 CMakeFiles/main.dir/C_/Pico/pico-sdk/src/rp2_common/pico_printf/printf.c.obj
 .text._ntoa_long
                0x10002968       0xbc CMakeFiles/main.dir/C_/Pico/pico-sdk/src/rp2_common/pico_printf/printf.c.obj
 .text._ntoa_long_long
                0x10002a24       0xe2 CMakeFiles/main.dir/C_/Pico/pico-sdk/src/rp2_common/pico_printf/printf.c.obj
 *fill*         0x10002b06        0x2 
 .text._etoa    0x10002b08      0x414 CMakeFiles/main.dir/C_/Pico/pico-sdk/src/rp2_common/pico_printf/printf.c.obj
 .text._ftoa    0x10002f1c      0x354 CMakeFiles/main.dir/C_/Pico/pico-sdk/src/rp2_common/pico_printf/printf.c.obj
 .text._vsnprintf
                0x10003270      0x624 CMakeFiles/main.dir/C_/Pico/pico-sdk/src/rp2_common/pico_printf/printf.c.obj
 .text.__wrap_sprintf
                0x10003894       0x28 CMakeFiles/main.dir/C_/Pico/pico-sdk/src/rp2_common/pico_printf/printf.c.obj
                0x10003894                __wrap_sprintf
 .text.vfctprintf
                0x100038bc       0x20 CMakeFiles/main.dir/C_/Pico/pico-sdk/src/rp2_common/pico_printf/printf.c.obj
                0x100038bc                vfctprintf
 .text          0x100038dc       0x10 CMakeFiles/main.dir/C_/Pico/pico-sdk/src/rp2_common/pico_bit_ops/bit_ops_aeabi.S.obj
 .text.rom_func_lookup
                0x100038ec       0x10 CMakeFiles/main.dir/C_/Pico/pico-sdk/src/rp2_common/pico_bootrom/bootrom.c.obj
                0x100038ec                rom_func_lookup
 .text.rom_data_lookup
                0x100038fc       0x10 CMakeFiles/main.dir/C_/Pico/pico-sdk/src/rp2_common/pico_bootrom/bootrom.c.obj
                0x100038fc                rom_data_lookup
 .text.rom_funcs_lookup
                0x1000390c       0x36 CMakeFiles/main.dir/C_/Pico/pico-sdk/src/rp2_common/pico_bootrom/bootrom.c.obj
                0x1000390c                rom_funcs_lookup
 *fill*         0x10003942        0x2 
 .text.__wrap___aeabi_idiv
                0x10003944       0x50 CMakeFiles/main.dir/C_/Pico/pico-sdk/src/rp2_common/pico_divider/divider.S.obj
                0x10003944                __wrap___aeabi_idivmod
                0x10003944                divmod_s32s32
                0x10003944                div_s32s32
                0x10003944                __wrap___aeabi_idiv
                0x1000394c                divmod_s32s32_unsafe
                0x10003978                divmod_s32s32_savestate
 .text.__wrap___aeabi_uidiv
                0x10003994       0x4c CMakeFiles/main.dir/C_/Pico/pico-sdk/src/rp2_common/pico_divider/divider.S.obj
                0x10003994                __wrap___aeabi_uidiv
                0x10003994                __wrap___aeabi_uidivmod
                0x10003994                div_u32u32
                0x10003994                divmod_u32u32
                0x1000399c                divmod_u32u32_unsafe
                0x100039c4                divmod_u32u32_savestate
 .text.__wrap___aeabi_ldiv
                0x100039e0      0x424 CMakeFiles/main.dir/C_/Pico/pico-sdk/src/rp2_common/pico_divider/divider.S.obj
                0x100039e0                div_s64s64
                0x100039e0                divmod_s64s64
                0x100039e0                __wrap___aeabi_ldivmod
                0x10003a10                divmod_u64u64
                0x10003a10                div_u64u64
                0x10003a10                __wrap___aeabi_uldivmod
                0x10003a20                divmod_u64u64_savestate
                0x10003a40                divmod_s64s64_unsafe
                0x10003ac8                divmod_u64u64_unsafe
 .text.push_r8_r11
                0x10003e04        0xc CMakeFiles/main.dir/C_/Pico/pico-sdk/src/rp2_common/pico_double/double_aeabi.S.obj
                0x10003e04                push_r8_r11
 .text.pop_r8_r11
                0x10003e10        0xc CMakeFiles/main.dir/C_/Pico/pico-sdk/src/rp2_common/pico_double/double_aeabi.S.obj
                0x10003e10                pop_r8_r11
 .text.__wrap___aeabi_darithmetic
                0x10003e1c       0x80 CMakeFiles/main.dir/C_/Pico/pico-sdk/src/rp2_common/pico_double/double_aeabi.S.obj
                0x10003e1c                __wrap___aeabi_drsub
                0x10003e22                __wrap___aeabi_dsub
                0x10003e34                __wrap___aeabi_dadd
                0x10003e46                __wrap___aeabi_ddiv
                0x10003e82                __wrap___aeabi_dmul
 .text.__wrap___aeabi_cdcmple
                0x10003e9c       0x6c CMakeFiles/main.dir/C_/Pico/pico-sdk/src/rp2_common/pico_double/double_aeabi.S.obj
                0x10003e9c                __wrap___aeabi_cdrcmple
                0x10003eac                __wrap___aeabi_cdcmpeq
                0x10003eac                __wrap___aeabi_cdcmple
 .text.__wrap___aeabi_dcmplt
                0x10003f08        0xc CMakeFiles/main.dir/C_/Pico/pico-sdk/src/rp2_common/pico_double/double_aeabi.S.obj
                0x10003f08                __wrap___aeabi_dcmplt
 .text.__wrap___aeabi_dcmple
                0x10003f14       0x10 CMakeFiles/main.dir/C_/Pico/pico-sdk/src/rp2_common/pico_double/double_aeabi.S.obj
                0x10003f14                __wrap___aeabi_dcmple
 .text.__wrap___aeabi_dcmpge
                0x10003f24       0x10 CMakeFiles/main.dir/C_/Pico/pico-sdk/src/rp2_common/pico_double/double_aeabi.S.obj
                0x10003f24                __wrap___aeabi_dcmpge
 .text.__wrap___aeabi_dcmpgt
                0x10003f34        0xa CMakeFiles/main.dir/C_/Pico/pico-sdk/src/rp2_common/pico_double/double_aeabi.S.obj
                0x10003f34                __wrap___aeabi_dcmpgt
 .text.__wrap___aeabi_dcmpun
                0x10003f3e       0x1c CMakeFiles/main.dir/C_/Pico/pico-sdk/src/rp2_common/pico_double/double_aeabi.S.obj
                0x10003f3e                __wrap___aeabi_dcmpun
 *fill*         0x10003f5a        0x2 
 .text.__wrap___aeabi_i2d
                0x10003f5c       0x38 CMakeFiles/main.dir/C_/Pico/pico-sdk/src/rp2_common/pico_double/double_aeabi.S.obj
                0x10003f5c                __wrap___aeabi_ui2d
                0x10003f64                __wrap___aeabi_i2d
 .text.__wrap___aeabi_d2iz
                0x10003f94       0x48 CMakeFiles/main.dir/C_/Pico/pico-sdk/src/rp2_common/pico_double/double_aeabi.S.obj
                0x10003f94                double2int_z
                0x10003f94                __wrap___aeabi_d2iz
 .text.__wrap___aeabi_d2uiz
                0x10003fdc       0x18 CMakeFiles/main.dir/C_/Pico/pico-sdk/src/rp2_common/pico_double/double_aeabi.S.obj
                0x10003fdc                __wrap___aeabi_d2uiz
                0x10003fdc                double2uint
 .text.fix642double
                0x10003ff4       0x18 CMakeFiles/main.dir/C_/Pico/pico-sdk/src/rp2_common/pico_double/double_aeabi.S.obj
                0x10003ff4                fix642double
 .text.__wrap_sincostan_remainder
                0x1000400c       0x14 CMakeFiles/main.dir/C_/Pico/pico-sdk/src/rp2_common/pico_double/double_aeabi.S.obj
                0x1000400c                sincostan_remainder
 .text.__wrap_cos
                0x10004020       0x2c CMakeFiles/main.dir/C_/Pico/pico-sdk/src/rp2_common/pico_double/double_aeabi.S.obj
                0x10004020                __wrap_cos
 .text.__wrap_sin
                0x1000404c       0x2c CMakeFiles/main.dir/C_/Pico/pico-sdk/src/rp2_common/pico_double/double_aeabi.S.obj
                0x1000404c                __wrap_sin
 .text.__wrap_atan2
                0x10004078       0x18 CMakeFiles/main.dir/C_/Pico/pico-sdk/src/rp2_common/pico_double/double_aeabi.S.obj
                0x10004078                __wrap_atan2
 .text.__aeabi_double_init
                0x10004090       0xc8 CMakeFiles/main.dir/C_/Pico/pico-sdk/src/rp2_common/pico_double/double_init_rom.c.obj
                0x10004090                __aeabi_double_init
 .text.drem_0   0x10004158      0x130 CMakeFiles/main.dir/C_/Pico/pico-sdk/src/rp2_common/pico_double/double_math.c.obj
 .text.__wrap_remquo
                0x10004288      0x17c CMakeFiles/main.dir/C_/Pico/pico-sdk/src/rp2_common/pico_double/double_math.c.obj
                0x10004288                __wrap_remquo
 .text.__wrap_remainder
                0x10004404       0x10 CMakeFiles/main.dir/C_/Pico/pico-sdk/src/rp2_common/pico_double/double_math.c.obj
                0x10004404                __wrap_remainder
 .text.double_table_shim_on_use_helper
                0x10004414       0x34 CMakeFiles/main.dir/C_/Pico/pico-sdk/src/rp2_common/pico_double/double_v1_rom_shim.S.obj
                0x10004414                double_table_shim_on_use_helper
 .text.__wrap___aeabi_dsub
                0x10004448       0x10 CMakeFiles/main.dir/C_/Pico/pico-sdk/src/rp2_common/pico_double/double_v1_rom_shim.S.obj
                0x10004448                drsub_shim
                0x1000444e                dsub_shim
 .text.dadd_shim
                0x10004458      0x15c CMakeFiles/main.dir/C_/Pico/pico-sdk/src/rp2_common/pico_double/double_v1_rom_shim.S.obj
                0x10004458                dadd_shim
 .text.dmul_shim
                0x100045b4      0x15c CMakeFiles/main.dir/C_/Pico/pico-sdk/src/rp2_common/pico_double/double_v1_rom_shim.S.obj
                0x100045b4                dmul_shim
 .text.ddiv_shim
                0x10004710      0x1b0 CMakeFiles/main.dir/C_/Pico/pico-sdk/src/rp2_common/pico_double/double_v1_rom_shim.S.obj
                0x10004710                ddiv_shim
 .text.dcordic_vec_step
                0x100048c0        0xe CMakeFiles/main.dir/C_/Pico/pico-sdk/src/rp2_common/pico_double/double_v1_rom_shim.S.obj
                0x100048c0                dcordic_vec_step
 .text.dcordic_rot_step
                0x100048ce       0x76 CMakeFiles/main.dir/C_/Pico/pico-sdk/src/rp2_common/pico_double/double_v1_rom_shim.S.obj
                0x100048ce                dcordic_rot_step
 .text.double2uint_shim
                0x10004944        0xe CMakeFiles/main.dir/C_/Pico/pico-sdk/src/rp2_common/pico_double/double_v1_rom_shim.S.obj
                0x10004944                double2uint_shim
                0x10004946                double2ufix_shim
 .text.double2int64_shim
                0x10004952       0x1a CMakeFiles/main.dir/C_/Pico/pico-sdk/src/rp2_common/pico_double/double_v1_rom_shim.S.obj
                0x10004952                double2int64_shim
                0x10004954                double2fix64_shim
 .text.double2uint64_shim
                0x1000496c       0x70 CMakeFiles/main.dir/C_/Pico/pico-sdk/src/rp2_common/pico_double/double_v1_rom_shim.S.obj
                0x1000496c                double2uint64_shim
                0x1000496e                double2ufix64_shim
                0x1000498e                d2fix_a
 .text.x2double_shims
                0x100049dc       0x90 CMakeFiles/main.dir/C_/Pico/pico-sdk/src/rp2_common/pico_double/double_v1_rom_shim.S.obj
                0x100049dc                uint2double_shim
                0x100049de                ufix2double_shim
                0x100049e4                int2double_shim
                0x100049e6                fix2double_shim
                0x100049ec                uint642double_shim
                0x100049ee                ufix642double_shim
                0x100049f4                int642double_shim
                0x100049f6                fix642double_shim
 .text.dunpacks
                0x10004a6c       0x3c CMakeFiles/main.dir/C_/Pico/pico-sdk/src/rp2_common/pico_double/double_v1_rom_shim.S.obj
                0x10004a6c                dunpacks
 .text.dreduce  0x10004aa8       0x82 CMakeFiles/main.dir/C_/Pico/pico-sdk/src/rp2_common/pico_double/double_v1_rom_shim.S.obj
                0x10004aa8                dreduce
 .text.dcos_shim
                0x10004b2a       0x10 CMakeFiles/main.dir/C_/Pico/pico-sdk/src/rp2_common/pico_double/double_v1_rom_shim.S.obj
                0x10004b2a                dcos_shim
 .text.dsin_shim
                0x10004b3a       0x14 CMakeFiles/main.dir/C_/Pico/pico-sdk/src/rp2_common/pico_double/double_v1_rom_shim.S.obj
                0x10004b3a                dsin_shim
 *fill*         0x10004b4e        0x2 
 .text.dtrig_guts
                0x10004b50      0x2ec CMakeFiles/main.dir/C_/Pico/pico-sdk/src/rp2_common/pico_double/double_v1_rom_shim.S.obj
                0x10004c28                datan2_shim
 .text.__aeabi_lmul
                0x10004e3c       0x32 CMakeFiles/main.dir/C_/Pico/pico-sdk/src/rp2_common/pico_int64_ops/pico_int64_ops_aeabi.S.obj
                0x10004e3c                __wrap___aeabi_lmul
 *fill*         0x10004e6e        0x2 
 .text.__aeabi_float_init
                0x10004e70       0xfc CMakeFiles/main.dir/C_/Pico/pico-sdk/src/rp2_common/pico_float/float_init_rom.c.obj
                0x10004e70                __aeabi_float_init
 .text.float_table_shim_on_use_helper
                0x10004f6c       0x34 CMakeFiles/main.dir/C_/Pico/pico-sdk/src/rp2_common/pico_float/float_v1_rom_shim.S.obj
                0x10004f6c                float_table_shim_on_use_helper
 .text.__wrap_malloc
                0x10004fa0       0x24 CMakeFiles/main.dir/C_/Pico/pico-sdk/src/rp2_common/pico_malloc/pico_malloc.c.obj
                0x10004fa0                __wrap_malloc
 .text.__wrap_free
                0x10004fc4        0x8 CMakeFiles/main.dir/C_/Pico/pico-sdk/src/rp2_common/pico_malloc/pico_malloc.c.obj
                0x10004fc4                __wrap_free
 .text          0x10004fcc       0x10 CMakeFiles/main.dir/C_/Pico/pico-sdk/src/rp2_common/pico_mem_ops/mem_ops_aeabi.S.obj
                0x10004fcc                __aeabi_mem_init
 .text.memset   0x10004fdc        0xc CMakeFiles/main.dir/C_/Pico/pico-sdk/src/rp2_common/pico_mem_ops/mem_ops_aeabi.S.obj
                0x10004fdc                __wrap_memset
 .text.memcpy   0x10004fe8        0xc CMakeFiles/main.dir/C_/Pico/pico-sdk/src/rp2_common/pico_mem_ops/mem_ops_aeabi.S.obj
                0x10004fe8                __wrap_memcpy
                0x10004fe8                __wrap___aeabi_memcpy
 .text.stdio_out_chars_no_crlf
                0x10004ff4        0xe CMakeFiles/main.dir/C_/Pico/pico-sdk/src/rp2_common/pico_stdio/stdio.c.obj
 *fill*         0x10005002        0x2 
 .text.stdio_out_chars_crlf
                0x10005004       0x80 CMakeFiles/main.dir/C_/Pico/pico-sdk/src/rp2_common/pico_stdio/stdio.c.obj
 .text.stdio_stack_buffer_flush
                0x10005084       0x44 CMakeFiles/main.dir/C_/Pico/pico-sdk/src/rp2_common/pico_stdio/stdio.c.obj
 .text.stdio_buffered_printer
                0x100050c8       0x20 CMakeFiles/main.dir/C_/Pico/pico-sdk/src/rp2_common/pico_stdio/stdio.c.obj
 .text.stdout_serialize_begin
                0x100050e8       0x5c CMakeFiles/main.dir/C_/Pico/pico-sdk/src/rp2_common/pico_stdio/stdio.c.obj
                0x100050e8                stdout_serialize_begin
 .text.stdout_serialize_end
                0x10005144       0x10 CMakeFiles/main.dir/C_/Pico/pico-sdk/src/rp2_common/pico_stdio/stdio.c.obj
                0x10005144                stdout_serialize_end
 .text.stdio_put_string
                0x10005154       0x98 CMakeFiles/main.dir/C_/Pico/pico-sdk/src/rp2_common/pico_stdio/stdio.c.obj
 .text.stdio_set_driver_enabled
                0x100051ec       0x2c CMakeFiles/main.dir/C_/Pico/pico-sdk/src/rp2_common/pico_stdio/stdio.c.obj
                0x100051ec                stdio_set_driver_enabled
 .text.stdio_flush
                0x10005218       0x20 CMakeFiles/main.dir/C_/Pico/pico-sdk/src/rp2_common/pico_stdio/stdio.c.obj
                0x10005218                stdio_flush
 .text.__wrap_puts
                0x10005238       0x1e CMakeFiles/main.dir/C_/Pico/pico-sdk/src/rp2_common/pico_stdio/stdio.c.obj
                0x10005238                __wrap_puts
 *fill*         0x10005256        0x2 
 .text.__wrap_vprintf
                0x10005258       0x40 CMakeFiles/main.dir/C_/Pico/pico-sdk/src/rp2_common/pico_stdio/stdio.c.obj
                0x10005258                __wrap_vprintf
 .text.__wrap_printf
                0x10005298       0x18 CMakeFiles/main.dir/C_/Pico/pico-sdk/src/rp2_common/pico_stdio/stdio.c.obj
                0x10005298                __wrap_printf
 .text.stdio_init_all
                0x100052b0        0xe CMakeFiles/main.dir/C_/Pico/pico-sdk/src/rp2_common/pico_stdio/stdio.c.obj
                0x100052b0                stdio_init_all
 *fill*         0x100052be        0x2 
 .text.stdio_uart_out_chars
                0x100052c0       0x74 CMakeFiles/main.dir/C_/Pico/pico-sdk/src/rp2_common/pico_stdio_uart/stdio_uart.c.obj
 .text.stdio_uart_in_chars
                0x10005334       0x80 CMakeFiles/main.dir/C_/Pico/pico-sdk/src/rp2_common/pico_stdio_uart/stdio_uart.c.obj
                0x10005334                stdio_uart_in_chars
 .text.on_uart_rx
                0x100053b4       0x28 CMakeFiles/main.dir/C_/Pico/pico-sdk/src/rp2_common/pico_stdio_uart/stdio_uart.c.obj
 .text.stdio_uart_set_chars_available_callback
                0x100053dc       0x8c CMakeFiles/main.dir/C_/Pico/pico-sdk/src/rp2_common/pico_stdio_uart/stdio_uart.c.obj
 .text.stdio_uart_init_full
                0x10005468       0x44 CMakeFiles/main.dir/C_/Pico/pico-sdk/src/rp2_common/pico_stdio_uart/stdio_uart.c.obj
                0x10005468                stdio_uart_init_full
 .text.stdio_uart_init
                0x100054ac       0x28 CMakeFiles/main.dir/C_/Pico/pico-sdk/src/rp2_common/pico_stdio_uart/stdio_uart.c.obj
                0x100054ac                stdio_uart_init
 .text.resetd_init
                0x100054d4        0x2 CMakeFiles/main.dir/C_/Pico/pico-sdk/src/rp2_common/pico_stdio_usb/reset_interface.c.obj
 *fill*         0x100054d6        0x2 
 .text.resetd_reset
                0x100054d8        0xc CMakeFiles/main.dir/C_/Pico/pico-sdk/src/rp2_common/pico_stdio_usb/reset_interface.c.obj
 .text.resetd_open
                0x100054e4       0x34 CMakeFiles/main.dir/C_/Pico/pico-sdk/src/rp2_common/pico_stdio_usb/reset_interface.c.obj
 .text.resetd_xfer_cb
                0x10005518        0x4 CMakeFiles/main.dir/C_/Pico/pico-sdk/src/rp2_common/pico_stdio_usb/reset_interface.c.obj
 .text.reset_usb_boot
                0x1000551c       0x18 CMakeFiles/main.dir/C_/Pico/pico-sdk/src/rp2_common/pico_stdio_usb/reset_interface.c.obj
 .text.resetd_control_xfer_cb
                0x10005534       0x5c CMakeFiles/main.dir/C_/Pico/pico-sdk/src/rp2_common/pico_stdio_usb/reset_interface.c.obj
 .text.usbd_app_driver_get_cb
                0x10005590        0xc CMakeFiles/main.dir/C_/Pico/pico-sdk/src/rp2_common/pico_stdio_usb/reset_interface.c.obj
                0x10005590                usbd_app_driver_get_cb
 .text.tud_cdc_line_coding_cb
                0x1000559c       0x28 CMakeFiles/main.dir/C_/Pico/pico-sdk/src/rp2_common/pico_stdio_usb/reset_interface.c.obj
                0x1000559c                tud_cdc_line_coding_cb
 .text.stdio_usb_set_chars_available_callback
                0x100055c4       0x14 CMakeFiles/main.dir/C_/Pico/pico-sdk/src/rp2_common/pico_stdio_usb/stdio_usb.c.obj
                0x100055c4                stdio_usb_set_chars_available_callback
 .text.usb_irq  0x100055d8       0x10 CMakeFiles/main.dir/C_/Pico/pico-sdk/src/rp2_common/pico_stdio_usb/stdio_usb.c.obj
 .text.timer_task
                0x100055e8       0x5c CMakeFiles/main.dir/C_/Pico/pico-sdk/src/rp2_common/pico_stdio_usb/stdio_usb.c.obj
 .text.low_priority_worker_irq
                0x10005644       0xdc CMakeFiles/main.dir/C_/Pico/pico-sdk/src/rp2_common/pico_stdio_usb/stdio_usb.c.obj
 .text.tud_cdc_rx_cb
                0x10005720       0x20 CMakeFiles/main.dir/C_/Pico/pico-sdk/src/rp2_common/pico_stdio_usb/stdio_usb.c.obj
                0x10005720                tud_cdc_rx_cb
 .text.stdio_usb_init
                0x10005740      0x11c CMakeFiles/main.dir/C_/Pico/pico-sdk/src/rp2_common/pico_stdio_usb/stdio_usb.c.obj
                0x10005740                stdio_usb_init
 .text.stdio_usb_connected
                0x1000585c        0xa CMakeFiles/main.dir/C_/Pico/pico-sdk/src/rp2_common/pico_stdio_usb/stdio_usb.c.obj
                0x1000585c                stdio_usb_connected
 *fill*         0x10005866        0x2 
 .text.stdio_usb_in_chars
                0x10005868       0xc4 CMakeFiles/main.dir/C_/Pico/pico-sdk/src/rp2_common/pico_stdio_usb/stdio_usb.c.obj
                0x10005868                stdio_usb_in_chars
 .text.stdio_usb_out_chars
                0x1000592c      0x114 CMakeFiles/main.dir/C_/Pico/pico-sdk/src/rp2_common/pico_stdio_usb/stdio_usb.c.obj
 .text.tud_descriptor_device_cb
                0x10005a40        0x8 CMakeFiles/main.dir/C_/Pico/pico-sdk/src/rp2_common/pico_stdio_usb/stdio_usb_descriptors.c.obj
                0x10005a40                tud_descriptor_device_cb
 .text.tud_descriptor_configuration_cb
                0x10005a48        0x8 CMakeFiles/main.dir/C_/Pico/pico-sdk/src/rp2_common/pico_stdio_usb/stdio_usb_descriptors.c.obj
                0x10005a48                tud_descriptor_configuration_cb
 .text.tud_descriptor_string_cb
                0x10005a50       0x6c CMakeFiles/main.dir/C_/Pico/pico-sdk/src/rp2_common/pico_stdio_usb/stdio_usb_descriptors.c.obj
                0x10005a50                tud_descriptor_string_cb
 .text._retrieve_unique_id_on_boot
                0x10005abc       0x10 CMakeFiles/main.dir/C_/Pico/pico-sdk/src/rp2_common/pico_unique_id/unique_id.c.obj
 .text.pico_get_unique_board_id_string
                0x10005acc       0x60 CMakeFiles/main.dir/C_/Pico/pico-sdk/src/rp2_common/pico_unique_id/unique_id.c.obj
                0x10005acc                pico_get_unique_board_id_string
 .text.flash_get_unique_id
                0x10005b2c       0x46 CMakeFiles/main.dir/C_/Pico/pico-sdk/src/rp2_common/hardware_flash/flash.c.obj
                0x10005b2c                flash_get_unique_id
 *fill*         0x10005b72        0x2 
 .text.hw_endpoint_get_by_addr
                0x10005b74       0x18 CMakeFiles/main.dir/C_/Pico/pico-sdk/lib/tinyusb/src/portable/raspberrypi/rp2040/dcd_rp2040.c.obj
 .text._hw_endpoint_alloc
                0x10005b8c       0x70 CMakeFiles/main.dir/C_/Pico/pico-sdk/lib/tinyusb/src/portable/raspberrypi/rp2040/dcd_rp2040.c.obj
 .text.hw_endpoint_init
                0x10005bfc       0x88 CMakeFiles/main.dir/C_/Pico/pico-sdk/lib/tinyusb/src/portable/raspberrypi/rp2040/dcd_rp2040.c.obj
 .text.hw_endpoint_xfer
                0x10005c84       0x14 CMakeFiles/main.dir/C_/Pico/pico-sdk/lib/tinyusb/src/portable/raspberrypi/rp2040/dcd_rp2040.c.obj
 .text.dcd_int_enable
                0x10005c98       0x2c CMakeFiles/main.dir/C_/Pico/pico-sdk/lib/tinyusb/src/portable/raspberrypi/rp2040/dcd_rp2040.c.obj
                0x10005c98                dcd_int_enable
 .text.dcd_set_address
                0x10005cc4       0x2c CMakeFiles/main.dir/C_/Pico/pico-sdk/lib/tinyusb/src/portable/raspberrypi/rp2040/dcd_rp2040.c.obj
                0x10005cc4                dcd_set_address
 .text.dcd_connect
                0x10005cf0       0x10 CMakeFiles/main.dir/C_/Pico/pico-sdk/lib/tinyusb/src/portable/raspberrypi/rp2040/dcd_rp2040.c.obj
                0x10005cf0                dcd_connect
 .text.dcd_init
                0x10005d00       0x80 CMakeFiles/main.dir/C_/Pico/pico-sdk/lib/tinyusb/src/portable/raspberrypi/rp2040/dcd_rp2040.c.obj
                0x10005d00                dcd_init
 .text.dcd_edpt0_status_complete
                0x10005d80       0x1c CMakeFiles/main.dir/C_/Pico/pico-sdk/lib/tinyusb/src/portable/raspberrypi/rp2040/dcd_rp2040.c.obj
                0x10005d80                dcd_edpt0_status_complete
 .text.dcd_edpt_open
                0x10005d9c       0x40 CMakeFiles/main.dir/C_/Pico/pico-sdk/lib/tinyusb/src/portable/raspberrypi/rp2040/dcd_rp2040.c.obj
                0x10005d9c                dcd_edpt_open
 .text.dcd_edpt_close_all
                0x10005ddc        0x8 CMakeFiles/main.dir/C_/Pico/pico-sdk/lib/tinyusb/src/portable/raspberrypi/rp2040/dcd_rp2040.c.obj
                0x10005ddc                dcd_edpt_close_all
 .text.dcd_edpt_xfer
                0x10005de4       0x34 CMakeFiles/main.dir/C_/Pico/pico-sdk/lib/tinyusb/src/portable/raspberrypi/rp2040/dcd_rp2040.c.obj
                0x10005de4                dcd_edpt_xfer
 .text.dcd_edpt_stall
                0x10005e18       0x2c CMakeFiles/main.dir/C_/Pico/pico-sdk/lib/tinyusb/src/portable/raspberrypi/rp2040/dcd_rp2040.c.obj
                0x10005e18                dcd_edpt_stall
 .text.dcd_edpt_clear_stall
                0x10005e44       0x20 CMakeFiles/main.dir/C_/Pico/pico-sdk/lib/tinyusb/src/portable/raspberrypi/rp2040/dcd_rp2040.c.obj
                0x10005e44                dcd_edpt_clear_stall
 .text.rp2040_usb_init
                0x10005e64       0x4c CMakeFiles/main.dir/C_/Pico/pico-sdk/lib/tinyusb/src/portable/raspberrypi/rp2040/rp2040_usb.c.obj
                0x10005e64                rp2040_usb_init
 .text.hw_endpoint_xfer_start
                0x10005eb0       0x50 CMakeFiles/main.dir/C_/Pico/pico-sdk/lib/tinyusb/src/portable/raspberrypi/rp2040/rp2040_usb.c.obj
                0x10005eb0                hw_endpoint_xfer_start
 .text.configuration_reset
                0x10005f00       0x84 CMakeFiles/main.dir/C_/Pico/pico-sdk/lib/tinyusb/src/device/usbd.c.obj
 .text.usbd_reset
                0x10005f84        0xc CMakeFiles/main.dir/C_/Pico/pico-sdk/lib/tinyusb/src/device/usbd.c.obj
 .text.invoke_class_control
                0x10005f90       0x1a CMakeFiles/main.dir/C_/Pico/pico-sdk/lib/tinyusb/src/device/usbd.c.obj
 *fill*         0x10005faa        0x2 
 .text.process_set_config
                0x10005fac      0x178 CMakeFiles/main.dir/C_/Pico/pico-sdk/lib/tinyusb/src/device/usbd.c.obj
 .text.process_get_descriptor
                0x10006124       0xdc CMakeFiles/main.dir/C_/Pico/pico-sdk/lib/tinyusb/src/device/usbd.c.obj
 .text.tud_mounted
                0x10006200       0x10 CMakeFiles/main.dir/C_/Pico/pico-sdk/lib/tinyusb/src/device/usbd.c.obj
                0x10006200                tud_mounted
 .text.tud_suspended
                0x10006210       0x10 CMakeFiles/main.dir/C_/Pico/pico-sdk/lib/tinyusb/src/device/usbd.c.obj
                0x10006210                tud_suspended
 .text.tud_inited
                0x10006220       0x14 CMakeFiles/main.dir/C_/Pico/pico-sdk/lib/tinyusb/src/device/usbd.c.obj
                0x10006220                tud_inited
 .text.tud_init
                0x10006234       0xcc CMakeFiles/main.dir/C_/Pico/pico-sdk/lib/tinyusb/src/device/usbd.c.obj
                0x10006234                tud_init
 .text.usbd_defer_func
                0x10006300       0x2a CMakeFiles/main.dir/C_/Pico/pico-sdk/lib/tinyusb/src/device/usbd.c.obj
                0x10006300                usbd_defer_func
 *fill*         0x1000632a        0x2 
 .text.usbd_edpt_open
                0x1000632c       0x34 CMakeFiles/main.dir/C_/Pico/pico-sdk/lib/tinyusb/src/device/usbd.c.obj
                0x1000632c                usbd_edpt_open
 .text.usbd_open_edpt_pair
                0x10006360       0x62 CMakeFiles/main.dir/C_/Pico/pico-sdk/lib/tinyusb/src/device/usbd.c.obj
                0x10006360                usbd_open_edpt_pair
 *fill*         0x100063c2        0x2 
 .text.usbd_edpt_claim
                0x100063c4       0x28 CMakeFiles/main.dir/C_/Pico/pico-sdk/lib/tinyusb/src/device/usbd.c.obj
                0x100063c4                usbd_edpt_claim
 .text.usbd_edpt_release
                0x100063ec       0x28 CMakeFiles/main.dir/C_/Pico/pico-sdk/lib/tinyusb/src/device/usbd.c.obj
                0x100063ec                usbd_edpt_release
 .text.usbd_edpt_xfer
                0x10006414       0x78 CMakeFiles/main.dir/C_/Pico/pico-sdk/lib/tinyusb/src/device/usbd.c.obj
                0x10006414                usbd_edpt_xfer
 .text.usbd_edpt_stall
                0x1000648c       0x48 CMakeFiles/main.dir/C_/Pico/pico-sdk/lib/tinyusb/src/device/usbd.c.obj
                0x1000648c                usbd_edpt_stall
 .text.usbd_edpt_clear_stall
                0x100064d4       0x48 CMakeFiles/main.dir/C_/Pico/pico-sdk/lib/tinyusb/src/device/usbd.c.obj
                0x100064d4                usbd_edpt_clear_stall
 .text.usbd_edpt_stalled
                0x1000651c       0x1c CMakeFiles/main.dir/C_/Pico/pico-sdk/lib/tinyusb/src/device/usbd.c.obj
                0x1000651c                usbd_edpt_stalled
 .text.process_control_request
                0x10006538      0x37c CMakeFiles/main.dir/C_/Pico/pico-sdk/lib/tinyusb/src/device/usbd.c.obj
 .text.tud_task_ext
                0x100068b4      0x1b8 CMakeFiles/main.dir/C_/Pico/pico-sdk/lib/tinyusb/src/device/usbd.c.obj
                0x100068b4                tud_task_ext
 .text._data_stage_xact
                0x10006a6c       0x58 CMakeFiles/main.dir/C_/Pico/pico-sdk/lib/tinyusb/src/device/usbd_control.c.obj
 .text.tud_control_status
                0x10006ac4       0x38 CMakeFiles/main.dir/C_/Pico/pico-sdk/lib/tinyusb/src/device/usbd_control.c.obj
                0x10006ac4                tud_control_status
 .text.tud_control_xfer
                0x10006afc       0x74 CMakeFiles/main.dir/C_/Pico/pico-sdk/lib/tinyusb/src/device/usbd_control.c.obj
                0x10006afc                tud_control_xfer
 .text.usbd_control_reset
                0x10006b70       0x14 CMakeFiles/main.dir/C_/Pico/pico-sdk/lib/tinyusb/src/device/usbd_control.c.obj
                0x10006b70                usbd_control_reset
 .text.usbd_control_set_complete_callback
                0x10006b84        0xc CMakeFiles/main.dir/C_/Pico/pico-sdk/lib/tinyusb/src/device/usbd_control.c.obj
                0x10006b84                usbd_control_set_complete_callback
 .text.usbd_control_set_request
                0x10006b90       0x1c CMakeFiles/main.dir/C_/Pico/pico-sdk/lib/tinyusb/src/device/usbd_control.c.obj
                0x10006b90                usbd_control_set_request
 .text.usbd_control_xfer_cb
                0x10006bac       0xcc CMakeFiles/main.dir/C_/Pico/pico-sdk/lib/tinyusb/src/device/usbd_control.c.obj
                0x10006bac                usbd_control_xfer_cb
 .text._prep_out_transaction
                0x10006c78       0x4a CMakeFiles/main.dir/C_/Pico/pico-sdk/lib/tinyusb/src/class/cdc/cdc_device.c.obj
 *fill*         0x10006cc2        0x2 
 .text.tud_cdc_n_connected
                0x10006cc4       0x44 CMakeFiles/main.dir/C_/Pico/pico-sdk/lib/tinyusb/src/class/cdc/cdc_device.c.obj
                0x10006cc4                tud_cdc_n_connected
 .text.tud_cdc_n_available
                0x10006d08       0x18 CMakeFiles/main.dir/C_/Pico/pico-sdk/lib/tinyusb/src/class/cdc/cdc_device.c.obj
                0x10006d08                tud_cdc_n_available
 .text.tud_cdc_n_read
                0x10006d20       0x28 CMakeFiles/main.dir/C_/Pico/pico-sdk/lib/tinyusb/src/class/cdc/cdc_device.c.obj
                0x10006d20                tud_cdc_n_read
 .text.tud_cdc_n_write_flush
                0x10006d48       0xb8 CMakeFiles/main.dir/C_/Pico/pico-sdk/lib/tinyusb/src/class/cdc/cdc_device.c.obj
                0x10006d48                tud_cdc_n_write_flush
 .text.tud_cdc_n_write
                0x10006e00       0x38 CMakeFiles/main.dir/C_/Pico/pico-sdk/lib/tinyusb/src/class/cdc/cdc_device.c.obj
                0x10006e00                tud_cdc_n_write
 .text.tud_cdc_n_write_available
                0x10006e38       0x1c CMakeFiles/main.dir/C_/Pico/pico-sdk/lib/tinyusb/src/class/cdc/cdc_device.c.obj
                0x10006e38                tud_cdc_n_write_available
 .text.cdcd_init
                0x10006e54       0xbc CMakeFiles/main.dir/C_/Pico/pico-sdk/lib/tinyusb/src/class/cdc/cdc_device.c.obj
                0x10006e54                cdcd_init
 .text.cdcd_reset
                0x10006f10       0x44 CMakeFiles/main.dir/C_/Pico/pico-sdk/lib/tinyusb/src/class/cdc/cdc_device.c.obj
                0x10006f10                cdcd_reset
 .text.cdcd_open
                0x10006f54       0xcc CMakeFiles/main.dir/C_/Pico/pico-sdk/lib/tinyusb/src/class/cdc/cdc_device.c.obj
                0x10006f54                cdcd_open
 .text.cdcd_control_xfer_cb
                0x10007020      0x134 CMakeFiles/main.dir/C_/Pico/pico-sdk/lib/tinyusb/src/class/cdc/cdc_device.c.obj
                0x10007020                cdcd_control_xfer_cb
 .text.cdcd_xfer_cb
                0x10007154      0x130 CMakeFiles/main.dir/C_/Pico/pico-sdk/lib/tinyusb/src/class/cdc/cdc_device.c.obj
                0x10007154                cdcd_xfer_cb
 .text.tusb_init
                0x10007284        0xa CMakeFiles/main.dir/C_/Pico/pico-sdk/lib/tinyusb/src/tusb.c.obj
                0x10007284                tusb_init
 .text.tusb_inited
                0x1000728e        0xe CMakeFiles/main.dir/C_/Pico/pico-sdk/lib/tinyusb/src/tusb.c.obj
                0x1000728e                tusb_inited
 .text.tu_edpt_claim
                0x1000729c       0x50 CMakeFiles/main.dir/C_/Pico/pico-sdk/lib/tinyusb/src/tusb.c.obj
                0x1000729c                tu_edpt_claim
 .text.tu_edpt_release
                0x100072ec       0x3c CMakeFiles/main.dir/C_/Pico/pico-sdk/lib/tinyusb/src/tusb.c.obj
                0x100072ec                tu_edpt_release
 .text.tu_edpt_validate
                0x10007328       0x78 CMakeFiles/main.dir/C_/Pico/pico-sdk/lib/tinyusb/src/tusb.c.obj
                0x10007328                tu_edpt_validate
 .text.tu_edpt_bind_driver
                0x100073a0       0x26 CMakeFiles/main.dir/C_/Pico/pico-sdk/lib/tinyusb/src/tusb.c.obj
                0x100073a0                tu_edpt_bind_driver
 .text.advance_index
                0x100073c6       0x1a CMakeFiles/main.dir/C_/Pico/pico-sdk/lib/tinyusb/src/common/tusb_fifo.c.obj
 .text._tu_fifo_peek
                0x100073e0       0x56 CMakeFiles/main.dir/C_/Pico/pico-sdk/lib/tinyusb/src/common/tusb_fifo.c.obj
 .text._ff_pull_const_addr
                0x10007436       0x4c CMakeFiles/main.dir/C_/Pico/pico-sdk/lib/tinyusb/src/common/tusb_fifo.c.obj
 .text._ff_pull_n
                0x10007482      0x110 CMakeFiles/main.dir/C_/Pico/pico-sdk/lib/tinyusb/src/common/tusb_fifo.c.obj
 .text._tu_fifo_peek_n
                0x10007592       0x6a CMakeFiles/main.dir/C_/Pico/pico-sdk/lib/tinyusb/src/common/tusb_fifo.c.obj
 .text._tu_fifo_read_n
                0x100075fc       0x4e CMakeFiles/main.dir/C_/Pico/pico-sdk/lib/tinyusb/src/common/tusb_fifo.c.obj
 .text._ff_push_const_addr
                0x1000764a       0x40 CMakeFiles/main.dir/C_/Pico/pico-sdk/lib/tinyusb/src/common/tusb_fifo.c.obj
 .text._ff_push_n
                0x1000768a      0x10c CMakeFiles/main.dir/C_/Pico/pico-sdk/lib/tinyusb/src/common/tusb_fifo.c.obj
 .text._tu_fifo_write_n
                0x10007796       0xf0 CMakeFiles/main.dir/C_/Pico/pico-sdk/lib/tinyusb/src/common/tusb_fifo.c.obj
 .text.tu_fifo_config
                0x10007886       0x7c CMakeFiles/main.dir/C_/Pico/pico-sdk/lib/tinyusb/src/common/tusb_fifo.c.obj
                0x10007886                tu_fifo_config
 .text.tu_fifo_count
                0x10007902       0x2a CMakeFiles/main.dir/C_/Pico/pico-sdk/lib/tinyusb/src/common/tusb_fifo.c.obj
                0x10007902                tu_fifo_count
 .text.tu_fifo_empty
                0x1000792c       0x10 CMakeFiles/main.dir/C_/Pico/pico-sdk/lib/tinyusb/src/common/tusb_fifo.c.obj
                0x1000792c                tu_fifo_empty
 .text.tu_fifo_full
                0x1000793c       0x28 CMakeFiles/main.dir/C_/Pico/pico-sdk/lib/tinyusb/src/common/tusb_fifo.c.obj
                0x1000793c                tu_fifo_full
 .text.tu_fifo_remaining
                0x10007964       0x2c CMakeFiles/main.dir/C_/Pico/pico-sdk/lib/tinyusb/src/common/tusb_fifo.c.obj
                0x10007964                tu_fifo_remaining
 .text.tu_fifo_read
                0x10007990       0x42 CMakeFiles/main.dir/C_/Pico/pico-sdk/lib/tinyusb/src/common/tusb_fifo.c.obj
                0x10007990                tu_fifo_read
 .text.tu_fifo_read_n
                0x100079d2        0xa CMakeFiles/main.dir/C_/Pico/pico-sdk/lib/tinyusb/src/common/tusb_fifo.c.obj
                0x100079d2                tu_fifo_read_n
 .text.tu_fifo_write
                0x100079dc       0x64 CMakeFiles/main.dir/C_/Pico/pico-sdk/lib/tinyusb/src/common/tusb_fifo.c.obj
                0x100079dc                tu_fifo_write
 .text.tu_fifo_write_n
                0x10007a40        0xa CMakeFiles/main.dir/C_/Pico/pico-sdk/lib/tinyusb/src/common/tusb_fifo.c.obj
                0x10007a40                tu_fifo_write_n
 .text.tu_fifo_clear
                0x10007a4a       0x3e CMakeFiles/main.dir/C_/Pico/pico-sdk/lib/tinyusb/src/common/tusb_fifo.c.obj
                0x10007a4a                tu_fifo_clear
 .text.tu_fifo_set_overwritable
                0x10007a88       0x46 CMakeFiles/main.dir/C_/Pico/pico-sdk/lib/tinyusb/src/common/tusb_fifo.c.obj
                0x10007a88                tu_fifo_set_overwritable
 .text.spi_set_baudrate
                0x10007ace       0xcc CMakeFiles/main.dir/C_/Pico/pico-sdk/src/rp2_common/hardware_spi/spi.c.obj
                0x10007ace                spi_set_baudrate
 *fill*         0x10007b9a        0x2 
 .text.spi_init
                0x10007b9c       0x74 CMakeFiles/main.dir/C_/Pico/pico-sdk/src/rp2_common/hardware_spi/spi.c.obj
                0x10007b9c                spi_init
 .text.i2c_write_blocking_internal
                0x10007c10      0x140 CMakeFiles/main.dir/C_/Pico/pico-sdk/src/rp2_common/hardware_i2c/i2c.c.obj
 .text.i2c_read_blocking_internal
                0x10007d50       0xe6 CMakeFiles/main.dir/C_/Pico/pico-sdk/src/rp2_common/hardware_i2c/i2c.c.obj
 *fill*         0x10007e36        0x2 
 .text.i2c_set_baudrate
                0x10007e38       0xf0 CMakeFiles/main.dir/C_/Pico/pico-sdk/src/rp2_common/hardware_i2c/i2c.c.obj
                0x10007e38                i2c_set_baudrate
 .text.i2c_init
                0x10007f28       0x58 CMakeFiles/main.dir/C_/Pico/pico-sdk/src/rp2_common/hardware_i2c/i2c.c.obj
                0x10007f28                i2c_init
 .text.i2c_write_blocking
                0x10007f80       0x18 CMakeFiles/main.dir/C_/Pico/pico-sdk/src/rp2_common/hardware_i2c/i2c.c.obj
                0x10007f80                i2c_write_blocking
 .text.i2c_read_blocking
                0x10007f98       0x18 CMakeFiles/main.dir/C_/Pico/pico-sdk/src/rp2_common/hardware_i2c/i2c.c.obj
                0x10007f98                i2c_read_blocking
 .text.adc_init
                0x10007fb0       0x34 CMakeFiles/main.dir/C_/Pico/pico-sdk/src/rp2_common/hardware_adc/adc.c.obj
                0x10007fb0                adc_init
 .text.gpio_callback
                0x10007fe4       0x9c project/libproject.a(compass.c.obj)
                0x10007fe4                gpio_callback
 .text.moving_line
                0x10008080       0xec project/libproject.a(compass.c.obj)
                0x10008080                moving_line
 .text.paint_compass_scale
                0x1000816c       0x6c project/libproject.a(compass.c.obj)
                0x1000816c                paint_compass_scale
 .text.paint_data
                0x100081d8      0x1b4 project/libproject.a(compass.c.obj)
                0x100081d8                paint_data
 .text.paint_temp_and_hum
                0x1000838c      0x118 project/libproject.a(compass.c.obj)
                0x1000838c                paint_temp_and_hum
 .text.I2C_init
                0x100084a4       0x38 project/libproject.a(compass.c.obj)
                0x100084a4                I2C_init
 .text.run_program
                0x100084dc      0x144 project/libproject.a(compass.c.obj)
                0x100084dc                run_program
 .text.reg_write
                0x10008620       0x46 project/libproject.a(hmc5883l.c.obj)
                0x10008620                reg_write
 *fill*         0x10008666        0x2 
 .text.reg_read
                0x10008668       0x58 project/libproject.a(hmc5883l.c.obj)
                0x10008668                reg_read
 .text.hmc_init
                0x100086c0       0x38 project/libproject.a(hmc5883l.c.obj)
                0x100086c0                hmc_init
 .text.twobyte_twocompliment_tosigned
                0x100086f8       0x22 project/libproject.a(hmc5883l.c.obj)
                0x100086f8                twobyte_twocompliment_tosigned
 *fill*         0x1000871a        0x2 
 .text.calibration
                0x1000871c       0xd0 project/libproject.a(hmc5883l.c.obj)
                0x1000871c                calibration
 .text.hmc_read_angle
                0x100087ec      0x214 project/libproject.a(hmc5883l.c.obj)
                0x100087ec                hmc_read_angle
 .text.htu21_read_temp
                0x10008a00       0x74 project/libproject.a(htu21.c.obj)
                0x10008a00                htu21_read_temp
 .text.htu21_read_hum
                0x10008a74       0x74 project/libproject.a(htu21.c.obj)
                0x10008a74                htu21_read_hum
 .text.LCD_1IN28_Reset
                0x10008ae8       0x36 lib/LCD/libLCD.a(LCD_1in28.c.obj)
 .text.LCD_1IN28_SendCommand
                0x10008b1e       0x14 lib/LCD/libLCD.a(LCD_1in28.c.obj)
 .text.LCD_1IN28_SendData_8Bit
                0x10008b32       0x14 lib/LCD/libLCD.a(LCD_1in28.c.obj)
 *fill*         0x10008b46        0x2 
 .text.LCD_1IN28_SetAttributes
                0x10008b48       0x30 lib/LCD/libLCD.a(LCD_1in28.c.obj)
 .text.LCD_1IN28_InitReg
                0x10008b78      0x460 lib/LCD/libLCD.a(LCD_1in28.c.obj)
 .text.LCD_1IN28_Init
                0x10008fd8       0x14 lib/LCD/libLCD.a(LCD_1in28.c.obj)
                0x10008fd8                LCD_1IN28_Init
 .text.LCD_1IN28_SetWindows
                0x10008fec       0x58 lib/LCD/libLCD.a(LCD_1in28.c.obj)
                0x10008fec                LCD_1IN28_SetWindows
 .text.LCD_1IN28_Clear
                0x10009044       0x64 lib/LCD/libLCD.a(LCD_1in28.c.obj)
                0x10009044                LCD_1IN28_Clear
 .text.LCD_1IN28_Display
                0x100090a8       0x36 lib/LCD/libLCD.a(LCD_1in28.c.obj)
                0x100090a8                LCD_1IN28_Display
 *fill*         0x100090de        0x2 
 .text.Paint_NewImage
                0x100090e0       0x4c lib/GUI/libGUI.a(GUI_Paint.c.obj)
                0x100090e0                Paint_NewImage
 .text.Paint_SetRotate
                0x1000912c       0x20 lib/GUI/libGUI.a(GUI_Paint.c.obj)
                0x1000912c                Paint_SetRotate
 .text.Paint_SetScale
                0x1000914c       0x68 lib/GUI/libGUI.a(GUI_Paint.c.obj)
                0x1000914c                Paint_SetScale
 .text.Paint_SetPixel
                0x100091b4      0x164 lib/GUI/libGUI.a(GUI_Paint.c.obj)
                0x100091b4                Paint_SetPixel
 .text.Paint_Clear
                0x10009318       0xb0 lib/GUI/libGUI.a(GUI_Paint.c.obj)
                0x10009318                Paint_Clear
 .text.Paint_DrawPoint
                0x100093c8       0xe0 lib/GUI/libGUI.a(GUI_Paint.c.obj)
                0x100093c8                Paint_DrawPoint
 .text.Paint_DrawLine
                0x100094a8      0x12c lib/GUI/libGUI.a(GUI_Paint.c.obj)
                0x100094a8                Paint_DrawLine
 .text.Paint_DrawCircle
                0x100095d4      0x274 lib/GUI/libGUI.a(GUI_Paint.c.obj)
                0x100095d4                Paint_DrawCircle
 .text.Paint_DrawChar
                0x10009848       0xc4 lib/GUI/libGUI.a(GUI_Paint.c.obj)
                0x10009848                Paint_DrawChar
 .text.Paint_DrawString_EN
                0x1000990c       0x88 lib/GUI/libGUI.a(GUI_Paint.c.obj)
                0x1000990c                Paint_DrawString_EN
 .text.Paint_DrawNum
                0x10009994       0x94 lib/GUI/libGUI.a(GUI_Paint.c.obj)
                0x10009994                Paint_DrawNum
 .text.DEV_Digital_Write
                0x10009a28       0x18 lib/Config/libConfig.a(DEV_Config.c.obj)
                0x10009a28                DEV_Digital_Write
 .text.DEV_SPI_WriteByte
                0x10009a40       0x1c lib/Config/libConfig.a(DEV_Config.c.obj)
                0x10009a40                DEV_SPI_WriteByte
 .text.DEV_SPI_Write_nByte
                0x10009a5c       0x14 lib/Config/libConfig.a(DEV_Config.c.obj)
                0x10009a5c                DEV_SPI_Write_nByte
 .text.DEV_GPIO_Mode
                0x10009a70       0x26 lib/Config/libConfig.a(DEV_Config.c.obj)
                0x10009a70                DEV_GPIO_Mode
 *fill*         0x10009a96        0x2 
 .text.DEV_SET_PWM
                0x10009a98       0x40 lib/Config/libConfig.a(DEV_Config.c.obj)
                0x10009a98                DEV_SET_PWM
 .text.DEV_Delay_ms
                0x10009ad8        0x8 lib/Config/libConfig.a(DEV_Config.c.obj)
                0x10009ad8                DEV_Delay_ms
 .text.DEV_GPIO_Init
                0x10009ae0       0x3c lib/Config/libConfig.a(DEV_Config.c.obj)
                0x10009ae0                DEV_GPIO_Init
 .text.DEV_Module_Init
                0x10009b1c      0x100 lib/Config/libConfig.a(DEV_Config.c.obj)
                0x10009b1c                DEV_Module_Init
 .text.malloc   0x10009c1c       0x14 c:/progra~2/gnuarm~1/102021~1.10/bin/../lib/gcc/arm-none-eabi/10.3.1/../../../../arm-none-eabi/lib/thumb/v6-m/nofp\libg.a(lib_a-malloc.o)
                0x10009c1c                malloc
 .text.free     0x10009c30       0x14 c:/progra~2/gnuarm~1/102021~1.10/bin/../lib/gcc/arm-none-eabi/10.3.1/../../../../arm-none-eabi/lib/thumb/v6-m/nofp\libg.a(lib_a-malloc.o)
                0x10009c30                free
 .text._malloc_r
                0x10009c44      0x584 c:/progra~2/gnuarm~1/102021~1.10/bin/../lib/gcc/arm-none-eabi/10.3.1/../../../../arm-none-eabi/lib/thumb/v6-m/nofp\libg.a(lib_a-mallocr.o)
                0x10009c44                _malloc_r
 .text.__malloc_lock
                0x1000a1c8       0x10 c:/progra~2/gnuarm~1/102021~1.10/bin/../lib/gcc/arm-none-eabi/10.3.1/../../../../arm-none-eabi/lib/thumb/v6-m/nofp\libg.a(lib_a-mlock.o)
                0x1000a1c8                __malloc_lock
 .text.__malloc_unlock
                0x1000a1d8       0x10 c:/progra~2/gnuarm~1/102021~1.10/bin/../lib/gcc/arm-none-eabi/10.3.1/../../../../arm-none-eabi/lib/thumb/v6-m/nofp\libg.a(lib_a-mlock.o)
                0x1000a1d8                __malloc_unlock
 .text._sbrk_r  0x1000a1e8       0x24 c:/progra~2/gnuarm~1/102021~1.10/bin/../lib/gcc/arm-none-eabi/10.3.1/../../../../arm-none-eabi/lib/thumb/v6-m/nofp\libg.a(lib_a-sbrkr.o)
                0x1000a1e8                _sbrk_r
 .text.strlen   0x1000a20c       0x5c c:/progra~2/gnuarm~1/102021~1.10/bin/../lib/gcc/arm-none-eabi/10.3.1/../../../../arm-none-eabi/lib/thumb/v6-m/nofp\libg.a(lib_a-strlen-stub.o)
                0x1000a20c                strlen
 .text._malloc_trim_r
                0x1000a268       0x9c c:/progra~2/gnuarm~1/102021~1.10/bin/../lib/gcc/arm-none-eabi/10.3.1/../../../../arm-none-eabi/lib/thumb/v6-m/nofp\libg.a(lib_a-freer.o)
                0x1000a268                _malloc_trim_r
 .text._free_r  0x1000a304      0x1c4 c:/progra~2/gnuarm~1/102021~1.10/bin/../lib/gcc/arm-none-eabi/10.3.1/../../../../arm-none-eabi/lib/thumb/v6-m/nofp\libg.a(lib_a-freer.o)
                0x1000a304                _free_r
 .text.__retarget_lock_acquire_recursive
                0x1000a4c8        0x4 c:/progra~2/gnuarm~1/102021~1.10/bin/../lib/gcc/arm-none-eabi/10.3.1/../../../../arm-none-eabi/lib/thumb/v6-m/nofp\libg.a(lib_a-lock.o)
                0x1000a4c8                __retarget_lock_acquire_recursive
 .text.__retarget_lock_release_recursive
                0x1000a4cc        0x4 c:/progra~2/gnuarm~1/102021~1.10/bin/../lib/gcc/arm-none-eabi/10.3.1/../../../../arm-none-eabi/lib/thumb/v6-m/nofp\libg.a(lib_a-lock.o)
                0x1000a4cc                __retarget_lock_release_recursive
 *(.fini)
 .fini          0x1000a4d0        0x4 c:/progra~2/gnuarm~1/102021~1.10/bin/../lib/gcc/arm-none-eabi/10.3.1/thumb/v6-m/nofp/crti.o
                0x1000a4d0                _fini
 *fill*         0x1000a4d4        0x4 
 .fini.__stub   0x1000a4d8       0xf0 linker stubs
 *crtbegin.o(.ctors)
 *crtbegin?.o(.ctors)
 *(EXCLUDE_FILE(*crtend.o *crtend?.o) .ctors)
 *(SORT_BY_NAME(.ctors.*))
 *(.ctors)
 *crtbegin.o(.dtors)
 *crtbegin?.o(.dtors)
 *(EXCLUDE_FILE(*crtend.o *crtend?.o) .dtors)
 *(SORT_BY_NAME(.dtors.*))
 *(.dtors)
 *(.eh_frame*)
 .eh_frame      0x1000a5c8        0x0 c:/progra~2/gnuarm~1/102021~1.10/bin/../lib/gcc/arm-none-eabi/10.3.1/thumb/v6-m/nofp/crtbegin.o
                0x1000a5c8                . = ALIGN (0x4)

.glue_7         0x1000a5c8        0x0
 .glue_7        0x1000a5c8        0x0 linker stubs

.glue_7t        0x1000a5c8        0x0
 .glue_7t       0x1000a5c8        0x0 linker stubs

.vfp11_veneer   0x1000a5c8        0x0
 .vfp11_veneer  0x1000a5c8        0x0 linker stubs

.v4_bx          0x1000a5c8        0x0
 .v4_bx         0x1000a5c8        0x0 linker stubs

.iplt           0x1000a5c8        0x0
 .iplt          0x1000a5c8        0x0 c:/progra~2/gnuarm~1/102021~1.10/bin/../lib/gcc/arm-none-eabi/10.3.1/thumb/v6-m/nofp/crtbegin.o

.rodata         0x1000a5c8     0x3df0
 *(EXCLUDE_FILE(*libm.a: *libc.a:*lib_a-mem*.o *libgcc.a:) .rodata*)
 .rodata.spin_lock_claim_unused.str1.4
                0x1000a5c8       0x1b CMakeFiles/main.dir/C_/Pico/pico-sdk/src/rp2_common/hardware_sync/sync.c.obj
 *fill*         0x1000a5e3        0x1 
 .rodata.make_branch.str1.4
                0x1000a5e4       0x63 CMakeFiles/main.dir/C_/Pico/pico-sdk/src/rp2_common/hardware_irq/irq.c.obj
 *fill*         0x1000a647        0x1 
 .rodata.insert_branch_and_link.str1.4
                0x1000a648       0x10 CMakeFiles/main.dir/C_/Pico/pico-sdk/src/rp2_common/hardware_irq/irq.c.obj
 .rodata.irq_set_exclusive_handler.str1.4
                0x1000a658       0x36 CMakeFiles/main.dir/C_/Pico/pico-sdk/src/rp2_common/hardware_irq/irq.c.obj
 *fill*         0x1000a68e        0x2 
 .rodata.irq_add_shared_handler.str1.4
                0x1000a690       0xd9 CMakeFiles/main.dir/C_/Pico/pico-sdk/src/rp2_common/hardware_irq/irq.c.obj
 *fill*         0x1000a769        0x3 
 .rodata.irq_remove_handler.str1.4
                0x1000a76c       0x3a CMakeFiles/main.dir/C_/Pico/pico-sdk/src/rp2_common/hardware_irq/irq.c.obj
 *fill*         0x1000a7a6        0x2 
 .rodata.irq_add_tail_to_free_list.str1.4
                0x1000a7a8       0x3a CMakeFiles/main.dir/C_/Pico/pico-sdk/src/rp2_common/hardware_irq/irq.c.obj
 *fill*         0x1000a7e2        0x2 
 .rodata.user_irq_claim_unused.str1.4
                0x1000a7e4       0x1b CMakeFiles/main.dir/C_/Pico/pico-sdk/src/rp2_common/hardware_irq/irq.c.obj
 *fill*         0x1000a7ff        0x1 
 .rodata.__func__.0
                0x1000a800       0x1a CMakeFiles/main.dir/C_/Pico/pico-sdk/src/rp2_common/hardware_irq/irq.c.obj
 *fill*         0x1000a81a        0x2 
 .rodata.__func__.1
                0x1000a81c       0x17 CMakeFiles/main.dir/C_/Pico/pico-sdk/src/rp2_common/hardware_irq/irq.c.obj
 *fill*         0x1000a833        0x1 
 .rodata.__func__.2
                0x1000a834       0x13 CMakeFiles/main.dir/C_/Pico/pico-sdk/src/rp2_common/hardware_irq/irq.c.obj
 *fill*         0x1000a847        0x1 
 .rodata.__func__.3
                0x1000a848        0xc CMakeFiles/main.dir/C_/Pico/pico-sdk/src/rp2_common/hardware_irq/irq.c.obj
 .rodata.__func__.4
                0x1000a854        0xf CMakeFiles/main.dir/C_/Pico/pico-sdk/src/rp2_common/hardware_irq/irq.c.obj
 *fill*         0x1000a863        0x1 
 .rodata.__func__.5
                0x1000a864       0x17 CMakeFiles/main.dir/C_/Pico/pico-sdk/src/rp2_common/hardware_irq/irq.c.obj
 *fill*         0x1000a87b        0x1 
 .rodata.__func__.6
                0x1000a87c       0x1a CMakeFiles/main.dir/C_/Pico/pico-sdk/src/rp2_common/hardware_irq/irq.c.obj
 *fill*         0x1000a896        0x2 
 .rodata.str1.4
                0x1000a898       0xd9 CMakeFiles/main.dir/C_/Pico/pico-sdk/src/common/pico_sync/mutex.c.obj
 *fill*         0x1000a971        0x3 
 .rodata.__func__.1
                0x1000a974        0xb CMakeFiles/main.dir/C_/Pico/pico-sdk/src/common/pico_sync/mutex.c.obj
 *fill*         0x1000a97f        0x1 
 .rodata.__func__.3
                0x1000a980       0x18 CMakeFiles/main.dir/C_/Pico/pico-sdk/src/common/pico_sync/mutex.c.obj
 .rodata.__func__.4
                0x1000a998       0x15 CMakeFiles/main.dir/C_/Pico/pico-sdk/src/common/pico_sync/mutex.c.obj
 *fill*         0x1000a9ad        0x3 
 .rodata.repeating_timer_callback.str1.4
                0x1000a9b0       0x41 CMakeFiles/main.dir/C_/Pico/pico-sdk/src/common/pico_time/time.c.obj
 *fill*         0x1000a9f1        0x3 
 .rodata.timer_pool_entry_comparator.str1.4
                0x1000a9f4       0x22 CMakeFiles/main.dir/C_/Pico/pico-sdk/src/common/pico_time/time.c.obj
 *fill*         0x1000aa16        0x2 
 .rodata.ph_add_child_node.str1.4
                0x1000aa18       0x8a CMakeFiles/main.dir/C_/Pico/pico-sdk/src/common/pico_time/time.c.obj
 *fill*         0x1000aaa2        0x2 
 .rodata.add_alarm_under_lock.str1.4
                0x1000aaa4       0x28 CMakeFiles/main.dir/C_/Pico/pico-sdk/src/common/pico_time/time.c.obj
                                 0x2b (size before relaxing)
 .rodata.alarm_pool_alarm_callback.str1.4
                0x1000aacc       0x98 CMakeFiles/main.dir/C_/Pico/pico-sdk/src/common/pico_time/time.c.obj
                                 0xf0 (size before relaxing)
 .rodata.alarm_pool_get_default.str1.4
                0x1000ab64       0x21 CMakeFiles/main.dir/C_/Pico/pico-sdk/src/common/pico_time/time.c.obj
 *fill*         0x1000ab85        0x3 
 .rodata.alarm_pool_cancel_alarm.str1.4
                0x1000ab88       0x27 CMakeFiles/main.dir/C_/Pico/pico-sdk/src/common/pico_time/time.c.obj
 *fill*         0x1000abaf        0x1 
 .rodata.sleep_until.str1.4
                0x1000abb0       0x4d CMakeFiles/main.dir/C_/Pico/pico-sdk/src/common/pico_time/time.c.obj
 *fill*         0x1000abfd        0x3 
 .rodata.__func__.1
                0x1000ac00       0x18 CMakeFiles/main.dir/C_/Pico/pico-sdk/src/common/pico_time/time.c.obj
 .rodata.__func__.10
                0x1000ac18       0x15 CMakeFiles/main.dir/C_/Pico/pico-sdk/src/common/pico_time/time.c.obj
 *fill*         0x1000ac2d        0x3 
 .rodata.__func__.11
                0x1000ac30       0x1a CMakeFiles/main.dir/C_/Pico/pico-sdk/src/common/pico_time/time.c.obj
 *fill*         0x1000ac4a        0x2 
 .rodata.__func__.12
                0x1000ac4c        0xa CMakeFiles/main.dir/C_/Pico/pico-sdk/src/common/pico_time/time.c.obj
 *fill*         0x1000ac56        0x2 
 .rodata.__func__.3
                0x1000ac58       0x17 CMakeFiles/main.dir/C_/Pico/pico-sdk/src/common/pico_time/time.c.obj
 *fill*         0x1000ac6f        0x1 
 .rodata.__func__.4
                0x1000ac70       0x12 CMakeFiles/main.dir/C_/Pico/pico-sdk/src/common/pico_time/time.c.obj
 *fill*         0x1000ac82        0x2 
 .rodata.__func__.5
                0x1000ac84        0xd CMakeFiles/main.dir/C_/Pico/pico-sdk/src/common/pico_time/time.c.obj
 *fill*         0x1000ac91        0x3 
 .rodata.__func__.6
                0x1000ac94       0x12 CMakeFiles/main.dir/C_/Pico/pico-sdk/src/common/pico_time/time.c.obj
 *fill*         0x1000aca6        0x2 
 .rodata.__func__.7
                0x1000aca8        0xf CMakeFiles/main.dir/C_/Pico/pico-sdk/src/common/pico_time/time.c.obj
 *fill*         0x1000acb7        0x1 
 .rodata.__func__.8
                0x1000acb8        0xc CMakeFiles/main.dir/C_/Pico/pico-sdk/src/common/pico_time/time.c.obj
 .rodata.__func__.9
                0x1000acc4       0x15 CMakeFiles/main.dir/C_/Pico/pico-sdk/src/common/pico_time/time.c.obj
 *fill*         0x1000acd9        0x3 
 .rodata.hardware_alarm_claim.str1.4
                0x1000acdc       0x22 CMakeFiles/main.dir/C_/Pico/pico-sdk/src/rp2_common/hardware_timer/timer.c.obj
 .rodata.busy_wait_us.str1.4
                0x1000acfe       0x57 CMakeFiles/main.dir/C_/Pico/pico-sdk/src/rp2_common/hardware_timer/timer.c.obj
 *fill*         0x1000acfe        0x2 
 .rodata.hardware_alarm_set_target.str1.4
                0x1000ad00       0x5b CMakeFiles/main.dir/C_/Pico/pico-sdk/src/rp2_common/hardware_timer/timer.c.obj
 *fill*         0x1000ad5b        0x1 
 .rodata.__func__.0
                0x1000ad5c       0x1a CMakeFiles/main.dir/C_/Pico/pico-sdk/src/rp2_common/hardware_timer/timer.c.obj
 *fill*         0x1000ad76        0x2 
 .rodata.__func__.1
                0x1000ad78       0x15 CMakeFiles/main.dir/C_/Pico/pico-sdk/src/rp2_common/hardware_timer/timer.c.obj
 .rodata.ph_add_child_node.str1.4
                0x1000ad8d       0x8a CMakeFiles/main.dir/C_/Pico/pico-sdk/src/common/pico_util/pheap.c.obj
 *fill*         0x1000ad8d        0x3 
 .rodata.ph_remove_any_head.str1.4
                0x1000ad90       0x84 CMakeFiles/main.dir/C_/Pico/pico-sdk/src/common/pico_util/pheap.c.obj
                                 0x98 (size before relaxing)
 .rodata.ph_remove_and_free_node.str1.4
                0x1000ae14       0x1e CMakeFiles/main.dir/C_/Pico/pico-sdk/src/common/pico_util/pheap.c.obj
                                 0x26 (size before relaxing)
 *fill*         0x1000ae32        0x2 
 .rodata.__func__.0
                0x1000ae34       0x18 CMakeFiles/main.dir/C_/Pico/pico-sdk/src/common/pico_util/pheap.c.obj
 .rodata.__func__.1
                0x1000ae4c       0x13 CMakeFiles/main.dir/C_/Pico/pico-sdk/src/common/pico_util/pheap.c.obj
 *fill*         0x1000ae5f        0x1 
 .rodata.__func__.2
                0x1000ae60       0x12 CMakeFiles/main.dir/C_/Pico/pico-sdk/src/common/pico_util/pheap.c.obj
 *fill*         0x1000ae72        0x2 
 .rodata.__func__.3
                0x1000ae74        0xc CMakeFiles/main.dir/C_/Pico/pico-sdk/src/common/pico_util/pheap.c.obj
 .rodata.clock_configure.str1.4
                0x1000ae80       0x4d CMakeFiles/main.dir/C_/Pico/pico-sdk/src/rp2_common/hardware_clocks/clocks.c.obj
 *fill*         0x1000aecd        0x3 
 .rodata.__func__.1
                0x1000aed0       0x10 CMakeFiles/main.dir/C_/Pico/pico-sdk/src/rp2_common/hardware_clocks/clocks.c.obj
 .rodata.pll_init.str1.4
                0x1000aee0      0x118 CMakeFiles/main.dir/C_/Pico/pico-sdk/src/rp2_common/hardware_pll/pll.c.obj
 .rodata.__func__.0
                0x1000aff8        0x9 CMakeFiles/main.dir/C_/Pico/pico-sdk/src/rp2_common/hardware_pll/pll.c.obj
 *fill*         0x1000b001        0x3 
 .rodata.__assert_func.str1.4
                0x1000b004       0x3f CMakeFiles/main.dir/C_/Pico/pico-sdk/src/rp2_common/pico_runtime/runtime.c.obj
                                 0x43 (size before relaxing)
 *fill*         0x1000b043        0x1 
 .rodata.runtime_init.str1.4
                0x1000b044       0x57 CMakeFiles/main.dir/C_/Pico/pico-sdk/src/rp2_common/pico_runtime/runtime.c.obj
 *fill*         0x1000b09b        0x1 
 .rodata.panic.str1.4
                0x1000b09c       0x10 CMakeFiles/main.dir/C_/Pico/pico-sdk/src/rp2_common/pico_runtime/runtime.c.obj
                                 0x12 (size before relaxing)
 .rodata.__func__.2
                0x1000b0ac        0xd CMakeFiles/main.dir/C_/Pico/pico-sdk/src/rp2_common/pico_runtime/runtime.c.obj
 *fill*         0x1000b0b9        0x3 
 .rodata._ftoa.str1.4
                0x1000b0bc       0x15 CMakeFiles/main.dir/C_/Pico/pico-sdk/src/rp2_common/pico_printf/printf.c.obj
 *fill*         0x1000b0d1        0x3 
 .rodata._vsnprintf
                0x1000b0d4      0x1e0 CMakeFiles/main.dir/C_/Pico/pico-sdk/src/rp2_common/pico_printf/printf.c.obj
 *fill*         0x1000b2b4        0x4 
 .rodata.pow10.0
                0x1000b2b8       0x50 CMakeFiles/main.dir/C_/Pico/pico-sdk/src/rp2_common/pico_printf/printf.c.obj
 .rodata.__aeabi_double_init.str1.4
                0x1000b308       0x92 CMakeFiles/main.dir/C_/Pico/pico-sdk/src/rp2_common/pico_double/double_init_rom.c.obj
 *fill*         0x1000b39a        0x2 
 .rodata.__func__.0
                0x1000b39c       0x14 CMakeFiles/main.dir/C_/Pico/pico-sdk/src/rp2_common/pico_double/double_init_rom.c.obj
 .rodata.__aeabi_float_init.str1.4
                0x1000b3b0       0x70 CMakeFiles/main.dir/C_/Pico/pico-sdk/src/rp2_common/pico_float/float_init_rom.c.obj
                                 0x74 (size before relaxing)
 .rodata.__func__.0
                0x1000b420       0x13 CMakeFiles/main.dir/C_/Pico/pico-sdk/src/rp2_common/pico_float/float_init_rom.c.obj
 *fill*         0x1000b433        0x1 
 .rodata.__wrap_malloc.str1.4
                0x1000b434        0xe CMakeFiles/main.dir/C_/Pico/pico-sdk/src/rp2_common/pico_malloc/pico_malloc.c.obj
 *fill*         0x1000b442        0x2 
 .rodata.str1.4
                0x1000b444       0x3c CMakeFiles/main.dir/C_/Pico/pico-sdk/src/rp2_common/pico_standard_link/binary_info.c.obj
 .rodata.__bi_44
                0x1000b480        0xc CMakeFiles/main.dir/C_/Pico/pico-sdk/src/rp2_common/pico_standard_link/binary_info.c.obj
 .rodata.__bi_75
                0x1000b48c        0xc CMakeFiles/main.dir/C_/Pico/pico-sdk/src/rp2_common/pico_standard_link/binary_info.c.obj
 .rodata.__bi_81
                0x1000b498        0xc CMakeFiles/main.dir/C_/Pico/pico-sdk/src/rp2_common/pico_standard_link/binary_info.c.obj
 .rodata.stdout_serialize_begin.str1.4
                0x1000b4a4       0x57 CMakeFiles/main.dir/C_/Pico/pico-sdk/src/rp2_common/pico_stdio/stdio.c.obj
 .rodata.__func__.3
                0x1000b4a4       0x15 CMakeFiles/main.dir/C_/Pico/pico-sdk/src/rp2_common/pico_stdio/stdio.c.obj
 *fill*         0x1000b4b9        0x3 
 .rodata.crlf_str.2
                0x1000b4bc        0x2 CMakeFiles/main.dir/C_/Pico/pico-sdk/src/rp2_common/pico_stdio/stdio.c.obj
 *fill*         0x1000b4be        0x2 
 .rodata.str1.4
                0x1000b4c0       0x2c CMakeFiles/main.dir/C_/Pico/pico-sdk/src/rp2_common/pico_stdio_uart/stdio_uart.c.obj
 .rodata.__bi_33.4
                0x1000b4ec        0xc CMakeFiles/main.dir/C_/Pico/pico-sdk/src/rp2_common/pico_stdio_uart/stdio_uart.c.obj
 .rodata.__bi_34.5
                0x1000b4f8        0x8 CMakeFiles/main.dir/C_/Pico/pico-sdk/src/rp2_common/pico_stdio_uart/stdio_uart.c.obj
 .rodata._resetd_driver
                0x1000b500       0x18 CMakeFiles/main.dir/C_/Pico/pico-sdk/src/rp2_common/pico_stdio_usb/reset_interface.c.obj
 .rodata.low_priority_worker_irq.str1.4
                0x1000b518       0x57 CMakeFiles/main.dir/C_/Pico/pico-sdk/src/rp2_common/pico_stdio_usb/stdio_usb.c.obj
 .rodata.stdio_usb_init.str1.4
                0x1000b518       0x3b CMakeFiles/main.dir/C_/Pico/pico-sdk/src/rp2_common/pico_stdio_usb/stdio_usb.c.obj
                                 0x43 (size before relaxing)
 *fill*         0x1000b553        0x1 
 .rodata.str1.4
                0x1000b554       0x13 CMakeFiles/main.dir/C_/Pico/pico-sdk/src/rp2_common/pico_stdio_usb/stdio_usb.c.obj
 *fill*         0x1000b567        0x1 
 .rodata.__bi_182.0
                0x1000b568        0xc CMakeFiles/main.dir/C_/Pico/pico-sdk/src/rp2_common/pico_stdio_usb/stdio_usb.c.obj
 .rodata.__func__.1
                0x1000b574        0xf CMakeFiles/main.dir/C_/Pico/pico-sdk/src/rp2_common/pico_stdio_usb/stdio_usb.c.obj
 *fill*         0x1000b583        0x1 
 .rodata.__func__.3
                0x1000b584       0x15 CMakeFiles/main.dir/C_/Pico/pico-sdk/src/rp2_common/pico_stdio_usb/stdio_usb.c.obj
 *fill*         0x1000b599        0x3 
 .rodata.str1.4
                0x1000b59c       0x2a CMakeFiles/main.dir/C_/Pico/pico-sdk/src/rp2_common/pico_stdio_usb/stdio_usb_descriptors.c.obj
 *fill*         0x1000b5c6        0x2 
 .rodata.usbd_desc_cfg
                0x1000b5c8       0x54 CMakeFiles/main.dir/C_/Pico/pico-sdk/src/rp2_common/pico_stdio_usb/stdio_usb_descriptors.c.obj
 .rodata.usbd_desc_device
                0x1000b61c       0x12 CMakeFiles/main.dir/C_/Pico/pico-sdk/src/rp2_common/pico_stdio_usb/stdio_usb_descriptors.c.obj
 *fill*         0x1000b62e        0x2 
 .rodata.usbd_desc_str
                0x1000b630       0x18 CMakeFiles/main.dir/C_/Pico/pico-sdk/src/rp2_common/pico_stdio_usb/stdio_usb_descriptors.c.obj
 .rodata.pico_get_unique_board_id_string.str1.4
                0x1000b648       0x43 CMakeFiles/main.dir/C_/Pico/pico-sdk/src/rp2_common/pico_unique_id/unique_id.c.obj
 *fill*         0x1000b68b        0x1 
 .rodata.__func__.0
                0x1000b68c       0x20 CMakeFiles/main.dir/C_/Pico/pico-sdk/src/rp2_common/pico_unique_id/unique_id.c.obj
 .rodata.str1.4
                0x1000b6ac      0x14e CMakeFiles/main.dir/C_/Pico/pico-sdk/src/rp2_common/hardware_flash/flash.c.obj
 *fill*         0x1000b7fa        0x2 
 .rodata.__func__.0
                0x1000b7fc        0xd CMakeFiles/main.dir/C_/Pico/pico-sdk/src/rp2_common/hardware_flash/flash.c.obj
 *fill*         0x1000b809        0x3 
 .rodata._hw_endpoint_alloc.str1.4
                0x1000b80c       0xad CMakeFiles/main.dir/C_/Pico/pico-sdk/lib/tinyusb/src/portable/raspberrypi/rp2040/dcd_rp2040.c.obj
 *fill*         0x1000b8b9        0x3 
 .rodata.str1.4
                0x1000b8bc       0x14 CMakeFiles/main.dir/C_/Pico/pico-sdk/lib/tinyusb/src/portable/raspberrypi/rp2040/dcd_rp2040.c.obj
 .rodata.dcd_int_enable.str1.4
                0x1000b8d0        0xc CMakeFiles/main.dir/C_/Pico/pico-sdk/lib/tinyusb/src/portable/raspberrypi/rp2040/dcd_rp2040.c.obj
 .rodata.__func__.0
                0x1000b8dc        0xe CMakeFiles/main.dir/C_/Pico/pico-sdk/lib/tinyusb/src/portable/raspberrypi/rp2040/dcd_rp2040.c.obj
 *fill*         0x1000b8ea        0x2 
 .rodata.__func__.1
                0x1000b8ec        0xe CMakeFiles/main.dir/C_/Pico/pico-sdk/lib/tinyusb/src/portable/raspberrypi/rp2040/dcd_rp2040.c.obj
 *fill*         0x1000b8fa        0x2 
 .rodata.__func__.3
                0x1000b8fc       0x10 CMakeFiles/main.dir/C_/Pico/pico-sdk/lib/tinyusb/src/portable/raspberrypi/rp2040/dcd_rp2040.c.obj
 .rodata.__func__.5
                0x1000b90c        0xf CMakeFiles/main.dir/C_/Pico/pico-sdk/lib/tinyusb/src/portable/raspberrypi/rp2040/dcd_rp2040.c.obj
 *fill*         0x1000b91b        0x1 
 .rodata.__func__.6
                0x1000b91c       0x13 CMakeFiles/main.dir/C_/Pico/pico-sdk/lib/tinyusb/src/portable/raspberrypi/rp2040/dcd_rp2040.c.obj
 *fill*         0x1000b92f        0x1 
 .rodata.__func__.7
                0x1000b930        0x9 CMakeFiles/main.dir/C_/Pico/pico-sdk/lib/tinyusb/src/portable/raspberrypi/rp2040/dcd_rp2040.c.obj
 *fill*         0x1000b939        0x3 
 .rodata.str1.4
                0x1000b93c       0xd5 CMakeFiles/main.dir/C_/Pico/pico-sdk/lib/tinyusb/src/portable/raspberrypi/rp2040/rp2040_usb.c.obj
                                 0xdf (size before relaxing)
 *fill*         0x1000ba11        0x3 
 .rodata.__func__.0
                0x1000ba14        0xf CMakeFiles/main.dir/C_/Pico/pico-sdk/lib/tinyusb/src/portable/raspberrypi/rp2040/rp2040_usb.c.obj
 *fill*         0x1000ba23        0x1 
 .rodata.process_get_descriptor
                0x1000ba24       0x40 CMakeFiles/main.dir/C_/Pico/pico-sdk/lib/tinyusb/src/device/usbd.c.obj
 .rodata.process_control_request
                0x1000ba64       0x28 CMakeFiles/main.dir/C_/Pico/pico-sdk/lib/tinyusb/src/device/usbd.c.obj
 .rodata.tud_task_ext
                0x1000ba8c       0x24 CMakeFiles/main.dir/C_/Pico/pico-sdk/lib/tinyusb/src/device/usbd.c.obj
 .rodata._usbd_driver
                0x1000bab0       0x18 CMakeFiles/main.dir/C_/Pico/pico-sdk/lib/tinyusb/src/device/usbd.c.obj
 .rodata.i2c_set_baudrate.str1.4
                0x1000bac8       0x53 CMakeFiles/main.dir/C_/Pico/pico-sdk/src/rp2_common/hardware_i2c/i2c.c.obj
 *fill*         0x1000bb1b        0x1 
 .rodata.__func__.0
                0x1000bb1c       0x11 CMakeFiles/main.dir/C_/Pico/pico-sdk/src/rp2_common/hardware_i2c/i2c.c.obj
 .rodata.gpio_callback.str1.4
                0x1000bb2d       0x57 project/libproject.a(compass.c.obj)
 *fill*         0x1000bb2d        0x3 
 .rodata.paint_compass_scale.str1.4
                0x1000bb30        0xa project/libproject.a(compass.c.obj)
                                  0xe (size before relaxing)
 *fill*         0x1000bb3a        0x2 
 .rodata.paint_data.str1.4
                0x1000bb3c        0xf project/libproject.a(compass.c.obj)
 *fill*         0x1000bb4b        0x1 
 .rodata.paint_temp_and_hum.str1.4
                0x1000bb4c        0xf project/libproject.a(compass.c.obj)
 *fill*         0x1000bb5b        0x1 
 .rodata.run_program.str1.4
                0x1000bb5c       0x44 project/libproject.a(compass.c.obj)
 .rodata        0x1000bba0       0x18 project/libproject.a(compass.c.obj)
 .rodata.__func__.1
                0x1000bbb8       0x15 project/libproject.a(compass.c.obj)
 *fill*         0x1000bbcd        0x3 
 .rodata.reg_read.str1.4
                0x1000bbd0       0x1a project/libproject.a(hmc5883l.c.obj)
 *fill*         0x1000bbea        0x2 
 .rodata.calibration.str1.4
                0x1000bbec       0x45 project/libproject.a(hmc5883l.c.obj)
 *fill*         0x1000bc31        0x3 
 .rodata.hmc_read_angle.str1.4
                0x1000bc34       0x6a project/libproject.a(hmc5883l.c.obj)
 *fill*         0x1000bc9e        0x2 
 .rodata.Paint_DrawPoint.str1.4
                0x1000bca0       0x49 lib/GUI/libGUI.a(GUI_Paint.c.obj)
 *fill*         0x1000bce9        0x3 
 .rodata.Paint_DrawNum.str1.4
                0x1000bcec        0x6 lib/GUI/libGUI.a(GUI_Paint.c.obj)
 *fill*         0x1000bcf2        0x2 
 .rodata        0x1000bcf4      0xbe0 lib/Fonts/libFonts.a(font16.c.obj)
                0x1000bcf4                Font16_Table
 .rodata        0x1000c8d4     0x1ab8 lib/Fonts/libFonts.a(font24.c.obj)
                0x1000c8d4                Font24_Table
 .rodata.DEV_SET_PWM.str1.4
                0x1000e38c       0x14 lib/Config/libConfig.a(DEV_Config.c.obj)
 .rodata.DEV_Module_Init.str1.4
                0x1000e3a0       0x15 lib/Config/libConfig.a(DEV_Config.c.obj)
                0x1000e3b8                . = ALIGN (0x4)
 *fill*         0x1000e3b5        0x3 
 *(SORT_BY_ALIGNMENT(SORT_BY_NAME(.flashdata*)))
                0x1000e3b8                . = ALIGN (0x4)

.ARM.extab
 *(.ARM.extab* .gnu.linkonce.armextab.*)
                0x1000e3b8                __exidx_start = .

.ARM.exidx
 *(.ARM.exidx* .gnu.linkonce.armexidx.*)